Archive member included to satisfy reference by file (symbol)

../app/libapp.a(main.c.obj)   (--whole-archive)
libzephyr.a(crc32_sw.c.obj)   (--whole-archive)
libzephyr.a(crc16_sw.c.obj)   (--whole-archive)
libzephyr.a(crc8_sw.c.obj)    (--whole-archive)
libzephyr.a(crc7_sw.c.obj)    (--whole-archive)
libzephyr.a(dec.c.obj)        (--whole-archive)
libzephyr.a(fdtable.c.obj)    (--whole-archive)
libzephyr.a(hex.c.obj)        (--whole-archive)
libzephyr.a(mempool.c.obj)    (--whole-archive)
libzephyr.a(rb.c.obj)         (--whole-archive)
libzephyr.a(sem.c.obj)        (--whole-archive)
libzephyr.a(thread_entry.c.obj)
                              (--whole-archive)
libzephyr.a(timeutil.c.obj)   (--whole-archive)
libzephyr.a(work_q.c.obj)     (--whole-archive)
libzephyr.a(printk.c.obj)     (--whole-archive)
libzephyr.a(configs.c.obj)    (--whole-archive)
libzephyr.a(log_list.c.obj)   (--whole-archive)
libzephyr.a(log_core.c.obj)   (--whole-archive)
libzephyr.a(log_msg.c.obj)    (--whole-archive)
libzephyr.a(log_output.c.obj)
                              (--whole-archive)
libzephyr.a(log_backend_uart.c.obj)
                              (--whole-archive)
libzephyr.a(uart_console.c.obj)
                              (--whole-archive)
libzephyr.a(ioapic_intr.c.obj)
                              (--whole-archive)
libzephyr.a(loapic_intr.c.obj)
                              (--whole-archive)
libzephyr.a(system_apic.c.obj)
                              (--whole-archive)
libzephyr.a(sys_clock_init.c.obj)
                              (--whole-archive)
libzephyr.a(hpet.c.obj)       (--whole-archive)
arch/arch/x86/core/libarch__x86__core.a(cpuhalt.c.obj)
                              (--whole-archive)
arch/arch/x86/core/libarch__x86__core.a(memmap.c.obj)
                              (--whole-archive)
arch/arch/x86/core/libarch__x86__core.a(prep_c.c.obj)
                              (--whole-archive)
arch/arch/x86/core/libarch__x86__core.a(fatal.c.obj)
                              (--whole-archive)
arch/arch/x86/core/libarch__x86__core.a(multiboot.c.obj)
                              (--whole-archive)
arch/arch/x86/core/libarch__x86__core.a(x86_mmu.c.obj)
                              (--whole-archive)
arch/arch/x86/core/libarch__x86__core.a(early_serial.c.obj)
                              (--whole-archive)
arch/arch/x86/core/libarch__x86__core.a(cache.c.obj)
                              (--whole-archive)
arch/arch/x86/core/libarch__x86__core.a(cache_s.S.obj)
                              (--whole-archive)
arch/arch/x86/core/libarch__x86__core.a(crt0.S.obj)
                              (--whole-archive)
arch/arch/x86/core/libarch__x86__core.a(excstub.S.obj)
                              (--whole-archive)
arch/arch/x86/core/libarch__x86__core.a(intstub.S.obj)
                              (--whole-archive)
arch/arch/x86/core/libarch__x86__core.a(irq_manage.c.obj)
                              (--whole-archive)
arch/arch/x86/core/libarch__x86__core.a(swap.S.obj)
                              (--whole-archive)
arch/arch/x86/core/libarch__x86__core.a(thread.c.obj)
                              (--whole-archive)
arch/arch/x86/core/libarch__x86__core.a(spec_ctrl.c.obj)
                              (--whole-archive)
arch/arch/x86/core/libarch__x86__core.a(fatal.c.obj)
                              (--whole-archive)
lib/libc/minimal/liblib__libc__minimal.a(atoi.c.obj)
                              (--whole-archive)
lib/libc/minimal/liblib__libc__minimal.a(strtol.c.obj)
                              (--whole-archive)
lib/libc/minimal/liblib__libc__minimal.a(strtoul.c.obj)
                              (--whole-archive)
lib/libc/minimal/liblib__libc__minimal.a(malloc.c.obj)
                              (--whole-archive)
lib/libc/minimal/liblib__libc__minimal.a(bsearch.c.obj)
                              (--whole-archive)
lib/libc/minimal/liblib__libc__minimal.a(exit.c.obj)
                              (--whole-archive)
lib/libc/minimal/liblib__libc__minimal.a(strncasecmp.c.obj)
                              (--whole-archive)
lib/libc/minimal/liblib__libc__minimal.a(strstr.c.obj)
                              (--whole-archive)
lib/libc/minimal/liblib__libc__minimal.a(string.c.obj)
                              (--whole-archive)
lib/libc/minimal/liblib__libc__minimal.a(strspn.c.obj)
                              (--whole-archive)
lib/libc/minimal/liblib__libc__minimal.a(prf.c.obj)
                              (--whole-archive)
lib/libc/minimal/liblib__libc__minimal.a(stdout_console.c.obj)
                              (--whole-archive)
lib/libc/minimal/liblib__libc__minimal.a(sprintf.c.obj)
                              (--whole-archive)
lib/libc/minimal/liblib__libc__minimal.a(fprintf.c.obj)
                              (--whole-archive)
lib/libc/minimal/liblib__libc__minimal.a(gmtime.c.obj)
                              (--whole-archive)
lib/posix/liblib__posix.a(pthread_common.c.obj)
[...]
Memory Configuration

Name             Origin             Length             Attributes
RAM              0x0000000000100000 0x0000000000400000 xw
IDT_LIST         0x00000000ffff1000 0x0000000000000800
*default*        0x0000000000000000 0xffffffffffffffff

Linker script and memory map

LOAD CMakeFiles/zephyr_final.dir/misc/empty_file.c.obj
LOAD arch/arch/x86/staticIdt.o
LOAD arch/arch/x86/irq_int_vector_map.o
LOAD arch/arch/x86/irq_vectors_alloc.o

.rel.plt        0x0000000000000000        0x0
 *(SORT_BY_ALIGNMENT(.rel.plt))
                [!provide]                        PROVIDE (__rel_iplt_start = .)
 *(SORT_BY_ALIGNMENT(.rel.iplt))
 .rel.iplt      0x0000000000000000        0x0 CMakeFiles/zephyr_final.dir/misc/empty_file.c.obj
                [!provide]                        PROVIDE (__rel_iplt_end = .)

.rela.plt       0x0000000000000000        0x0
 *(SORT_BY_ALIGNMENT(.rela.plt))
                [!provide]                        PROVIDE (__rela_iplt_start = .)
 *(SORT_BY_ALIGNMENT(.rela.iplt))
                [!provide]                        PROVIDE (__rela_iplt_end = .)

.rel.dyn        0x0000000000000000        0x0
 *(SORT_BY_ALIGNMENT(.rel.*))
 .rel.got       0x0000000000000000        0x0 CMakeFiles/zephyr_final.dir/misc/empty_file.c.obj
 .rel.text.log_const_source_id
                0x0000000000000000        0x0 CMakeFiles/zephyr_final.dir/misc/empty_file.c.obj
 .rel.data._char_out
                0x0000000000000000        0x0 CMakeFiles/zephyr_final.dir/misc/empty_file.c.obj
 .rel.text.log_backend_count_get
                0x0000000000000000        0x0 CMakeFiles/zephyr_final.dir/misc/empty_file.c.obj
 .rel.text.log_backend_get
                0x0000000000000000        0x0 CMakeFiles/zephyr_final.dir/misc/empty_file.c.obj
 .rel.text.log_sources_count
                0x0000000000000000        0x0 CMakeFiles/zephyr_final.dir/misc/empty_file.c.obj
 .rel.text.log_name_get
                0x0000000000000000        0x0 CMakeFiles/zephyr_final.dir/misc/empty_file.c.obj
 .rel.text.is_rodata
                0x0000000000000000        0x0 CMakeFiles/zephyr_final.dir/misc/empty_file.c.obj
 .rel.text.z_clock_driver_init
                0x0000000000000000        0x0 CMakeFiles/zephyr_final.dir/misc/empty_file.c.obj
 .rel.text.z_x86_paging_init
                0x0000000000000000        0x0 CMakeFiles/zephyr_final.dir/misc/empty_file.c.obj
 .rel._mmu_region.static.region_8
                0x0000000000000000        0x0 CMakeFiles/zephyr_final.dir/misc/empty_file.c.obj
 .rel._mmu_region.static.region_9
                0x0000000000000000        0x0 CMakeFiles/zephyr_final.dir/misc/empty_file.c.obj
 .rel._mmu_region.static.region_10
                0x0000000000000000        0x0 CMakeFiles/zephyr_final.dir/misc/empty_file.c.obj
 .rel.text_start.__start
                0x0000000000000000        0x0 CMakeFiles/zephyr_final.dir/misc/empty_file.c.obj
 .rel.text.z_impl_device_get_binding
                0x0000000000000000        0x0 CMakeFiles/zephyr_final.dir/misc/empty_file.c.obj
 .rel.data.z_sys_device_do_config_level.config_levels
                0x0000000000000000        0x0 CMakeFiles/zephyr_final.dir/misc/empty_file.c.obj
 .rel.text.z_fatal_error
                0x0000000000000000        0x0 CMakeFiles/zephyr_final.dir/misc/empty_file.c.obj
 .rel.text.init_mem_slab_module
                0x0000000000000000        0x0 CMakeFiles/zephyr_final.dir/misc/empty_file.c.obj
 .rel.text.init_static_pools
                0x0000000000000000        0x0 CMakeFiles/zephyr_final.dir/misc/empty_file.c.obj
 .rel.text.pool_id
                0x0000000000000000        0x0 CMakeFiles/zephyr_final.dir/misc/empty_file.c.obj
 .rel.text.get_pool
                0x0000000000000000        0x0 CMakeFiles/zephyr_final.dir/misc/empty_file.c.obj
 .rel.text.z_init_static_threads
                0x0000000000000000        0x0 CMakeFiles/zephyr_final.dir/misc/empty_file.c.obj

.rela.dyn
 *(SORT_BY_ALIGNMENT(.rela.*))

/DISCARD/
 *(SORT_BY_ALIGNMENT(.plt))
 *(SORT_BY_ALIGNMENT(.iplt))
 *(SORT_BY_ALIGNMENT(.got.plt))
 *(SORT_BY_ALIGNMENT(.igot.plt))
 *(SORT_BY_ALIGNMENT(.got))
 *(SORT_BY_ALIGNMENT(.igot))
 *(SORT_BY_ALIGNMENT(.spurIsr))
 *(SORT_BY_ALIGNMENT(.spurNoErrIsr))
 *(SORT_BY_ALIGNMENT(.intList))
 *(SORT_BY_ALIGNMENT(.gnu.linkonce.intList.*))
 *(SORT_BY_ALIGNMENT(.note.GNU-stack))
                0x0000000000000000                . = ALIGN (0x8)
                0x0000000000100000                _image_rom_start = 0x100000
                0x0000000000100000                _image_text_start = 0x100000

text            0x0000000000100000    0x23000
                0x0000000000000000                . = 0x0
 *(SORT_BY_ALIGNMENT(.text_start))
 *(SORT_BY_ALIGNMENT(.text_start.*))
 .text_start.__start
                0x0000000000100000       0xc8 arch/arch/x86/core/libarch__x86__core.a(crt0.S.obj)
                0x0000000000100000                __start
                0x000000000010007b                z_x86_enable_paging
                0x00000000001000a6                z_x86_idt
                0x00000000001000b0                _gdt
 *(SORT_BY_ALIGNMENT(.text))
 *fill*         0x00000000001000c8        0x8 
 .text          0x00000000001000d0      0x116 /usr/lib/gcc/x86_64-linux-gnu/7/32/libgcc.a(_udivdi3.o)
                0x00000000001000d0                __udivdi3
 *(SORT_BY_ALIGNMENT(.text.*))
 *fill*         0x00000000001001e6        0xa 
 .text.main     0x00000000001001f0      0x25f ../app/libapp.a(main.c.obj)
                0x00000000001001f0                main
 *fill*         0x000000000010044f        0x1 
 .text.device_get_binding
                0x0000000000100450       0x17 ../app/libapp.a(main.c.obj)
 *fill*         0x0000000000100467        0x9 
 .text._is_user_context
                0x0000000000100470        0xc ../app/libapp.a(main.c.obj)
 *fill*         0x000000000010047c        0x4 
 .text.log_const_source_id
                0x0000000000100480       0x1f ../app/libapp.a(main.c.obj)
 *fill*         0x000000000010049f        0x1 
 .text.lv_scr_act
                0x00000000001004a0       0x16 ../app/libapp.a(main.c.obj)
 *fill*         0x00000000001004b6        0xa 
 .text.display_blanking_off
                0x00000000001004c0       0x28 ../app/libapp.a(main.c.obj)
 *fill*         0x00000000001004e8        0x8 
 .text.k_sleep  0x00000000001004f0       0x17 ../app/libapp.a(main.c.obj)
 *fill*         0x0000000000100507        0x9 
 .text.z_sys_mem_pool_base_init
                0x0000000000100510      0x12d libzephyr.a(mempool.c.obj)
                0x0000000000100510                z_sys_mem_pool_base_init
 *fill*         0x000000000010063d        0x3 
 .text.sys_dlist_init
                0x0000000000100640       0x19 libzephyr.a(mempool.c.obj)
 *fill*         0x0000000000100659        0x7 
 .text.block_ptr
                0x0000000000100660       0x29 libzephyr.a(mempool.c.obj)
 *fill*         0x0000000000100689        0x7 
 .text.sys_dlist_append
                0x0000000000100690       0x35 libzephyr.a(mempool.c.obj)
 *fill*         0x00000000001006c5        0xb 
 .text.z_sys_mem_pool_block_alloc
                0x00000000001006d0      0x253 libzephyr.a(mempool.c.obj)
                0x00000000001006d0                z_sys_mem_pool_block_alloc
 *fill*         0x0000000000100923        0xd 
 .text.pool_irq_lock
                0x0000000000100930       0x3b libzephyr.a(mempool.c.obj)
 *fill*         0x000000000010096b        0x5 
 .text.block_alloc
                0x0000000000100970       0x83 libzephyr.a(mempool.c.obj)
 *fill*         0x00000000001009f3        0xd 
 .text.block_break
                0x0000000000100a00       0xd5 libzephyr.a(mempool.c.obj)
 *fill*         0x0000000000100ad5        0xb 
 .text.pool_irq_unlock
                0x0000000000100ae0       0x3f libzephyr.a(mempool.c.obj)
 *fill*         0x0000000000100b1f        0x1 
 .text.block_num
                0x0000000000100b20       0x2e libzephyr.a(mempool.c.obj)
 *fill*         0x0000000000100b4e        0x2 
 .text.z_sys_mem_pool_block_free
                0x0000000000100b50       0xa3 libzephyr.a(mempool.c.obj)
                0x0000000000100b50                z_sys_mem_pool_block_free
 *fill*         0x0000000000100bf3        0xd 
 .text.block_free
                0x0000000000100c00       0x71 libzephyr.a(mempool.c.obj)
 *fill*         0x0000000000100c71        0xf 
 .text.sys_dlist_get
                0x0000000000100c80       0x41 libzephyr.a(mempool.c.obj)
 *fill*         0x0000000000100cc1        0xf 
 .text.set_alloc_bit
                0x0000000000100cd0       0x57 libzephyr.a(mempool.c.obj)
 *fill*         0x0000000000100d27        0x9 
 .text.sys_dlist_is_empty
                0x0000000000100d30       0x22 libzephyr.a(mempool.c.obj)
 *fill*         0x0000000000100d52        0xe 
 .text.sys_dlist_remove
                0x0000000000100d60       0x37 libzephyr.a(mempool.c.obj)
 *fill*         0x0000000000100d97        0x9 
 .text.sys_dnode_init
                0x0000000000100da0       0x1b libzephyr.a(mempool.c.obj)
 *fill*         0x0000000000100dbb        0x5 
 .text.get_bit_ptr
                0x0000000000100dc0       0x80 libzephyr.a(mempool.c.obj)
 .text.bfree_recombine
                0x0000000000100e40      0x150 libzephyr.a(mempool.c.obj)
 .text.clear_alloc_bit
                0x0000000000100f90       0x5a libzephyr.a(mempool.c.obj)
 *fill*         0x0000000000100fea        0x6 
 .text.partner_alloc_bits
                0x0000000000100ff0       0x68 libzephyr.a(mempool.c.obj)
 *fill*         0x0000000000101058        0x8 
 .text.z_rb_get_minmax
                0x0000000000101060       0x75 libzephyr.a(rb.c.obj)
                0x0000000000101060                z_rb_get_minmax
 *fill*         0x00000000001010d5        0xb 
 .text.get_child
                0x00000000001010e0       0x43 libzephyr.a(rb.c.obj)
 *fill*         0x0000000000101123        0xd 
 .text.rb_insert
                0x0000000000101130      0x1b9 libzephyr.a(rb.c.obj)
                0x0000000000101130                rb_insert
 *fill*         0x00000000001012e9        0x7 
 .text.set_child
                0x00000000001012f0       0x4a libzephyr.a(rb.c.obj)
 *fill*         0x000000000010133a        0x6 
 .text.set_color
                0x0000000000101340       0x2e libzephyr.a(rb.c.obj)
 *fill*         0x000000000010136e        0x2 
 .text.find_and_stack
                0x0000000000101370       0xdd libzephyr.a(rb.c.obj)
 *fill*         0x000000000010144d        0x3 
 .text.fix_extra_red
                0x0000000000101450      0x1d0 libzephyr.a(rb.c.obj)
 .text.rb_remove
                0x0000000000101620      0x63b libzephyr.a(rb.c.obj)
                0x0000000000101620                rb_remove
 *fill*         0x0000000000101c5b        0x5 
 .text.get_side
                0x0000000000101c60       0x4b libzephyr.a(rb.c.obj)
 *fill*         0x0000000000101cab        0x5 
 .text.get_color
                0x0000000000101cb0       0x19 libzephyr.a(rb.c.obj)
 *fill*         0x0000000000101cc9        0x7 
 .text.is_black
                0x0000000000101cd0       0x28 libzephyr.a(rb.c.obj)
 *fill*         0x0000000000101cf8        0x8 
 .text.fix_missing_black
                0x0000000000101d00      0x405 libzephyr.a(rb.c.obj)
 *fill*         0x0000000000102105        0xb 
 .text.is_red   0x0000000000102110       0x28 libzephyr.a(rb.c.obj)
 *fill*         0x0000000000102138        0x8 
 .text.z_rb_foreach_next
                0x0000000000102140      0x164 libzephyr.a(rb.c.obj)
                0x0000000000102140                z_rb_foreach_next
 *fill*         0x00000000001022a4        0xc 
 .text.stack_left_limb
                0x00000000001022b0       0xa6 libzephyr.a(rb.c.obj)
 *fill*         0x0000000000102356        0xa 
 .text.rotate   0x0000000000102360      0x170 libzephyr.a(rb.c.obj)
 .text.z_thread_entry
                0x00000000001024d0       0x4d libzephyr.a(thread_entry.c.obj)
                0x00000000001024d0                z_thread_entry
 *fill*         0x000000000010251d        0x3 
 .text.k_thread_abort
                0x0000000000102520       0x17 libzephyr.a(thread_entry.c.obj)
 *fill*         0x0000000000102537        0x9 
 .text.k_current_get
                0x0000000000102540        0xf libzephyr.a(thread_entry.c.obj)
 *fill*         0x000000000010254f        0x1 
 .text.arch_printk_char_out
                0x0000000000102550       0x13 libzephyr.a(printk.c.obj)
                0x0000000000102550                arch_printk_char_out
 *fill*         0x0000000000102563        0xd 
 .text.__printk_hook_install
                0x0000000000102570       0x11 libzephyr.a(printk.c.obj)
                0x0000000000102570                __printk_hook_install
 *fill*         0x0000000000102581        0xf 
 .text.z_vprintk
                0x0000000000102590      0x66c libzephyr.a(printk.c.obj)
                0x0000000000102590                z_vprintk
 *fill*         0x0000000000102bfc        0x4 
 .text.print_err
                0x0000000000102c00       0x58 libzephyr.a(printk.c.obj)
 *fill*         0x0000000000102c58        0x8 
 .text._printk_dec_ulong
                0x0000000000102c60      0x19a libzephyr.a(printk.c.obj)
 *fill*         0x0000000000102dfa        0x6 
 .text._printk_hex_ulong
                0x0000000000102e00      0x1de libzephyr.a(printk.c.obj)
 *fill*         0x0000000000102fde        0x2 
 .text.vprintk  0x0000000000102fe0       0x6c libzephyr.a(printk.c.obj)
                0x0000000000102fe0                vprintk
 *fill*         0x000000000010304c        0x4 
 .text.char_out
                0x0000000000103050       0x37 libzephyr.a(printk.c.obj)
 *fill*         0x0000000000103087        0x9 
 .text.printk   0x0000000000103090       0x2b libzephyr.a(printk.c.obj)
                0x0000000000103090                printk
 *fill*         0x00000000001030bb        0x5 
 .text._ConfigAbsSyms
                0x00000000001030c0        0x5 libzephyr.a(configs.c.obj)
                0x00000000001030c0                _ConfigAbsSyms
 *fill*         0x00000000001030c5        0xb 
 .text.log_list_init
                0x00000000001030d0       0x1b libzephyr.a(log_list.c.obj)
                0x00000000001030d0                log_list_init
 *fill*         0x00000000001030eb        0x5 
 .text.log_list_add_tail
                0x00000000001030f0       0x41 libzephyr.a(log_list.c.obj)
                0x00000000001030f0                log_list_add_tail
 *fill*         0x0000000000103131        0xf 
 .text.log_list_head_peek
                0x0000000000103140       0x16 libzephyr.a(log_list.c.obj)
                0x0000000000103140                log_list_head_peek
 *fill*         0x0000000000103156        0xa 
 .text.log_list_head_get
                0x0000000000103160       0x2f libzephyr.a(log_list.c.obj)
                0x0000000000103160                log_list_head_get
 *fill*         0x000000000010318f        0x1 
 .text.z_impl_z_clock_hw_cycles_per_sec_runtime_get
                0x0000000000103190        0xa libzephyr.a(log_core.c.obj)
 *fill*         0x000000000010319a        0x6 
 .text.log_0    0x00000000001031a0       0x4a libzephyr.a(log_core.c.obj)
                0x00000000001031a0                log_0
 *fill*         0x00000000001031ea        0x6 
 .text.log_msg_create_0
                0x00000000001031f0       0x2f libzephyr.a(log_core.c.obj)
 *fill*         0x000000000010321f        0x1 
 .text.msg_finalize
                0x0000000000103220      0x13e libzephyr.a(log_core.c.obj)
 *fill*         0x000000000010335e        0x2 
 .text.log_1    0x0000000000103360       0x5b libzephyr.a(log_core.c.obj)
                0x0000000000103360                log_1
 *fill*         0x00000000001033bb        0x5 
 .text.log_msg_create_1
                0x00000000001033c0       0x53 libzephyr.a(log_core.c.obj)
 *fill*         0x0000000000103413        0xd 
 .text.log_2    0x0000000000103420       0x6a libzephyr.a(log_core.c.obj)
                0x0000000000103420                log_2
 *fill*         0x000000000010348a        0x6 
 .text.log_msg_create_2
                0x0000000000103490       0x62 libzephyr.a(log_core.c.obj)
 *fill*         0x00000000001034f2        0xe 
 .text.log_3    0x0000000000103500       0x83 libzephyr.a(log_core.c.obj)
                0x0000000000103500                log_3
 *fill*         0x0000000000103583        0xd 
 .text.log_msg_create_3
                0x0000000000103590       0x73 libzephyr.a(log_core.c.obj)
 *fill*         0x0000000000103603        0xd 
 .text.log_n    0x0000000000103610       0x6a libzephyr.a(log_core.c.obj)
                0x0000000000103610                log_n
 *fill*         0x000000000010367a        0x6 
 .text._is_user_context
                0x0000000000103680        0xc libzephyr.a(log_core.c.obj)
 *fill*         0x000000000010368c        0x4 
 .text.log_backend_count_get
                0x0000000000103690       0x16 libzephyr.a(log_core.c.obj)
 *fill*         0x00000000001036a6        0xa 
 .text.log_backend_get
                0x00000000001036b0       0x1f libzephyr.a(log_core.c.obj)
 *fill*         0x00000000001036cf        0x1 
 .text.log_backend_is_active
                0x00000000001036d0       0x20 libzephyr.a(log_core.c.obj)
 .text.log_core_init
                0x00000000001036f0       0x8b libzephyr.a(log_core.c.obj)
                0x00000000001036f0                log_core_init
 *fill*         0x000000000010377b        0x5 
 .text.sys_clock_hw_cycles_per_sec
                0x0000000000103780        0xa libzephyr.a(log_core.c.obj)
 *fill*         0x000000000010378a        0x6 
 .text.k_uptime_get_32
                0x0000000000103790        0xa libzephyr.a(log_core.c.obj)
 *fill*         0x000000000010379a        0x6 
 .text.k_cycle_get_32_wrapper
                0x00000000001037a0        0xa libzephyr.a(log_core.c.obj)
 *fill*         0x00000000001037aa        0x6 
 .text.log_init
                0x00000000001037b0       0xa9 libzephyr.a(log_core.c.obj)
                0x00000000001037b0                log_init
 *fill*         0x0000000000103859        0x7 
 .text.atomic_inc
                0x0000000000103860       0x24 libzephyr.a(log_core.c.obj)
 *fill*         0x0000000000103884        0xc 
 .text.log_backend_enable
                0x0000000000103890       0xa8 libzephyr.a(log_core.c.obj)
                0x0000000000103890                log_backend_enable
 *fill*         0x0000000000103938        0x8 
 .text.z_impl_log_panic
                0x0000000000103940       0xb3 libzephyr.a(log_core.c.obj)
                0x0000000000103940                z_impl_log_panic
 *fill*         0x00000000001039f3        0xd 
 .text.log_backend_panic
                0x0000000000103a00       0x21 libzephyr.a(log_core.c.obj)
 *fill*         0x0000000000103a21        0xf 
 .text.log_process
                0x0000000000103a30       0x28 libzephyr.a(log_core.c.obj)
 *fill*         0x0000000000103a58        0x8 
 .text.dropped_notify
                0x0000000000103a60       0x91 libzephyr.a(log_core.c.obj)
                0x0000000000103a60                dropped_notify
 *fill*         0x0000000000103af1        0xf 
 .text.atomic_set
                0x0000000000103b00       0x2c libzephyr.a(log_core.c.obj)
 *fill*         0x0000000000103b2c        0x4 
 .text.log_backend_dropped
                0x0000000000103b30       0x37 libzephyr.a(log_core.c.obj)
 *fill*         0x0000000000103b67        0x9 
 .text.z_impl_log_process
                0x0000000000103b70       0xd8 libzephyr.a(log_core.c.obj)
                0x0000000000103b70                z_impl_log_process
 *fill*         0x0000000000103c48        0x8 
 .text.atomic_dec
                0x0000000000103c50       0x24 libzephyr.a(log_core.c.obj)
 *fill*         0x0000000000103c74        0xc 
 .text.msg_process
                0x0000000000103c80       0xcf libzephyr.a(log_core.c.obj)
 *fill*         0x0000000000103d4f        0x1 
 .text.log_dropped
                0x0000000000103d50       0x17 libzephyr.a(log_core.c.obj)
                0x0000000000103d50                log_dropped
 *fill*         0x0000000000103d67        0x9 
 .text.log_sources_count
                0x0000000000103d70       0x17 libzephyr.a(log_core.c.obj)
 *fill*         0x0000000000103d87        0x9 
 .text.log_source_name_get
                0x0000000000103d90       0x4d libzephyr.a(log_core.c.obj)
                0x0000000000103d90                log_source_name_get
 *fill*         0x0000000000103ddd        0x3 
 .text.log_name_get
                0x0000000000103de0       0x1b libzephyr.a(log_core.c.obj)
 *fill*         0x0000000000103dfb        0x5 
 .text.log_backend_id_set
                0x0000000000103e00       0x19 libzephyr.a(log_core.c.obj)
 *fill*         0x0000000000103e19        0x7 
 .text.backend_filter_set
                0x0000000000103e20        0xb libzephyr.a(log_core.c.obj)
 *fill*         0x0000000000103e2b        0x5 
 .text.log_backend_activate
                0x0000000000103e30       0x22 libzephyr.a(log_core.c.obj)
 *fill*         0x0000000000103e52        0xe 
 .text.k_sem_give
                0x0000000000103e60       0x17 libzephyr.a(log_core.c.obj)
 *fill*         0x0000000000103e77        0x9 
 .text.log_strdup
                0x0000000000103e80       0xca libzephyr.a(log_core.c.obj)
                0x0000000000103e80                log_strdup
 *fill*         0x0000000000103f4a        0x6 
 .text.is_rodata
                0x0000000000103f50       0x37 libzephyr.a(log_core.c.obj)
 *fill*         0x0000000000103f87        0x9 
 .text.log_is_strdup
                0x0000000000103f90       0x51 libzephyr.a(log_core.c.obj)
                0x0000000000103f90                log_is_strdup
 *fill*         0x0000000000103fe1        0xf 
 .text.log_free
                0x0000000000103ff0       0x43 libzephyr.a(log_core.c.obj)
                0x0000000000103ff0                log_free
 *fill*         0x0000000000104033        0xd 
 .text.log_from_user
                0x0000000000104040        0x8 libzephyr.a(log_core.c.obj)
                0x0000000000104040                log_from_user
 *fill*         0x0000000000104048        0x8 
 .text.enable_logger
                0x0000000000104050       0xb7 libzephyr.a(log_core.c.obj)
 *fill*         0x0000000000104107        0x9 
 .text.z_log_msg_std_alloc
                0x0000000000104110       0x40 libzephyr.a(log_core.c.obj)
 .text.k_timer_start
                0x0000000000104150       0x2d libzephyr.a(log_core.c.obj)
 *fill*         0x000000000010417d        0x3 
 .text.k_timer_stop
                0x0000000000104180       0x17 libzephyr.a(log_core.c.obj)
 *fill*         0x0000000000104197        0x9 
 .text.dummy_timestamp
                0x00000000001041a0        0x7 libzephyr.a(log_core.c.obj)
 *fill*         0x00000000001041a7        0x9 
 .text.z_clock_hw_cycles_per_sec_runtime_get
                0x00000000001041b0        0xf libzephyr.a(log_core.c.obj)
 *fill*         0x00000000001041bf        0x1 
 .text.k_uptime_get
                0x00000000001041c0        0xf libzephyr.a(log_core.c.obj)
 *fill*         0x00000000001041cf        0x1 
 .text.k_cycle_get_32
                0x00000000001041d0        0xa libzephyr.a(log_core.c.obj)
 *fill*         0x00000000001041da        0x6 
 .text.arch_k_cycle_get_32
                0x00000000001041e0        0xa libzephyr.a(log_core.c.obj)
 *fill*         0x00000000001041ea        0x6 
 .text.atomic_add
                0x00000000001041f0       0x2e libzephyr.a(log_core.c.obj)
 *fill*         0x000000000010421e        0x2 
 .text.atomic_sub
                0x0000000000104220       0x30 libzephyr.a(log_core.c.obj)
 .text.detect_missed_strdup
                0x0000000000104250      0x1d8 libzephyr.a(log_core.c.obj)
 *fill*         0x0000000000104428        0x8 
 .text.msg_filter_check
                0x0000000000104430       0x1e libzephyr.a(log_core.c.obj)
 *fill*         0x000000000010444e        0x2 
 .text.log_backend_put
                0x0000000000104450       0x31 libzephyr.a(log_core.c.obj)
 *fill*         0x0000000000104481        0xf 
 .text.log_msg_is_std
                0x0000000000104490       0x2d libzephyr.a(log_core.c.obj)
 *fill*         0x00000000001044bd        0x3 
 .text.count_s  0x00000000001044c0       0xd2 libzephyr.a(log_core.c.obj)
 *fill*         0x0000000000104592        0xe 
 .text.log_const_source_id
                0x00000000001045a0       0x1f libzephyr.a(log_core.c.obj)
 *fill*         0x00000000001045bf        0x1 
 .text.isalpha  0x00000000001045c0       0x26 libzephyr.a(log_core.c.obj)
 *fill*         0x00000000001045e6        0xa 
 .text.log_process_thread_timer_expiry_fn
                0x00000000001045f0       0x1f libzephyr.a(log_core.c.obj)
 *fill*         0x000000000010460f        0x1 
 .text.k_thread_create
                0x0000000000104610       0xa3 libzephyr.a(log_core.c.obj)
 *fill*         0x00000000001046b3        0xd 
 .text.log_process_thread_func
                0x00000000001046c0       0x64 libzephyr.a(log_core.c.obj)
 *fill*         0x0000000000104724        0xc 
 .text.k_thread_name_set
                0x0000000000104730       0x23 libzephyr.a(log_core.c.obj)
 *fill*         0x0000000000104753        0xd 
 .text.thread_set
                0x0000000000104760       0x3a libzephyr.a(log_core.c.obj)
 *fill*         0x000000000010479a        0x6 
 .text.k_current_get
                0x00000000001047a0        0xf libzephyr.a(log_core.c.obj)
 *fill*         0x00000000001047af        0x1 
 .text.k_sem_take
                0x00000000001047b0       0x23 libzephyr.a(log_core.c.obj)
 *fill*         0x00000000001047d3        0xd 
 .text.log_msg_pool_init
                0x00000000001047e0       0x33 libzephyr.a(log_msg.c.obj)
                0x00000000001047e0                log_msg_pool_init
 *fill*         0x0000000000104813        0xd 
 .text.log_msg_chunk_alloc
                0x0000000000104820       0x69 libzephyr.a(log_msg.c.obj)
                0x0000000000104820                log_msg_chunk_alloc
 *fill*         0x0000000000104889        0x7 
 .text.block_on_alloc
                0x0000000000104890        0xc libzephyr.a(log_msg.c.obj)
 *fill*         0x000000000010489c        0x4 
 .text.log_msg_no_space_handle
                0x00000000001048a0       0x72 libzephyr.a(log_msg.c.obj)
                0x00000000001048a0                log_msg_no_space_handle
 *fill*         0x0000000000104912        0xe 
 .text.log_msg_get
                0x0000000000104920       0x1f libzephyr.a(log_msg.c.obj)
                0x0000000000104920                log_msg_get
 *fill*         0x000000000010493f        0x1 
 .text.atomic_inc
                0x0000000000104940       0x24 libzephyr.a(log_msg.c.obj)
 *fill*         0x0000000000104964        0xc 
 .text.log_process
                0x0000000000104970       0x28 libzephyr.a(log_msg.c.obj)
 *fill*         0x0000000000104998        0x8 
 .text.log_msg_put
                0x00000000001049a0       0x37 libzephyr.a(log_msg.c.obj)
                0x00000000001049a0                log_msg_put
 *fill*         0x00000000001049d7        0x9 
 .text.atomic_dec
                0x00000000001049e0       0x24 libzephyr.a(log_msg.c.obj)
 *fill*         0x0000000000104a04        0xc 
 .text.msg_free
                0x0000000000104a10       0xea libzephyr.a(log_msg.c.obj)
 *fill*         0x0000000000104afa        0x6 
 .text.log_msg_nargs_get
                0x0000000000104b00       0x1f libzephyr.a(log_msg.c.obj)
                0x0000000000104b00                log_msg_nargs_get
 *fill*         0x0000000000104b1f        0x1 
 .text.log_msg_arg_get
                0x0000000000104b20       0x81 libzephyr.a(log_msg.c.obj)
                0x0000000000104b20                log_msg_arg_get
 *fill*         0x0000000000104ba1        0xf 
 .text.cont_arg_get
                0x0000000000104bb0       0x6f libzephyr.a(log_msg.c.obj)
 *fill*         0x0000000000104c1f        0x1 
 .text.log_msg_str_get
                0x0000000000104c20       0x17 libzephyr.a(log_msg.c.obj)
                0x0000000000104c20                log_msg_str_get
 *fill*         0x0000000000104c37        0x9 
 .text.log_msg_create_n
                0x0000000000104c40       0x83 libzephyr.a(log_msg.c.obj)
                0x0000000000104c40                log_msg_create_n
 *fill*         0x0000000000104cc3        0xd 
 .text.msg_alloc
                0x0000000000104cd0       0xdd libzephyr.a(log_msg.c.obj)
 *fill*         0x0000000000104dad        0x3 
 .text.copy_args_to_msg
                0x0000000000104db0      0x100 libzephyr.a(log_msg.c.obj)
 .text.log_msg_hexdump_data_op
                0x0000000000104eb0      0x249 libzephyr.a(log_msg.c.obj)
 *fill*         0x00000000001050f9        0x7 
 .text.log_msg_hexdump_data_get
                0x0000000000105100       0x62 libzephyr.a(log_msg.c.obj)
                0x0000000000105100                log_msg_hexdump_data_get
 *fill*         0x0000000000105162        0xe 
 .text.atomic_add
                0x0000000000105170       0x2e libzephyr.a(log_msg.c.obj)
 *fill*         0x000000000010519e        0x2 
 .text.atomic_sub
                0x00000000001051a0       0x30 libzephyr.a(log_msg.c.obj)
 .text.log_msg_is_std
                0x00000000001051d0       0x2d libzephyr.a(log_msg.c.obj)
 *fill*         0x00000000001051fd        0x3 
 .text.cont_free
                0x0000000000105200       0x40 libzephyr.a(log_msg.c.obj)
 .text.z_log_msg_std_alloc
                0x0000000000105240       0x40 libzephyr.a(log_msg.c.obj)
 .text.log_output_flush
                0x0000000000105280       0x51 libzephyr.a(log_output.c.obj)
                0x0000000000105280                log_output_flush
 *fill*         0x00000000001052d1        0xf 
 .text.buffer_write
                0x00000000001052e0       0x53 libzephyr.a(log_output.c.obj)
 *fill*         0x0000000000105333        0xd 
 .text.log_output_msg_process
                0x0000000000105340      0x17d libzephyr.a(log_output.c.obj)
                0x0000000000105340                log_output_msg_process
 *fill*         0x00000000001054bd        0x3 
 .text.log_msg_is_std
                0x00000000001054c0       0x2d libzephyr.a(log_output.c.obj)
 *fill*         0x00000000001054ed        0x3 
 .text.log_msg_timestamp_get
                0x00000000001054f0       0x17 libzephyr.a(log_output.c.obj)
 *fill*         0x0000000000105507        0x9 
 .text.log_msg_level_get
                0x0000000000105510       0x1f libzephyr.a(log_output.c.obj)
 *fill*         0x000000000010552f        0x1 
 .text.log_msg_domain_id_get
                0x0000000000105530       0x23 libzephyr.a(log_output.c.obj)
 *fill*         0x0000000000105553        0xd 
 .text.log_msg_source_id_get
                0x0000000000105560       0x1f libzephyr.a(log_output.c.obj)
 *fill*         0x000000000010557f        0x1 
 .text.prefix_print
                0x0000000000105580       0xfc libzephyr.a(log_output.c.obj)
 *fill*         0x000000000010567c        0x4 
 .text.std_print
                0x0000000000105680      0xc97 libzephyr.a(log_output.c.obj)
 *fill*         0x0000000000106317        0x9 
 .text.raw_string_print
                0x0000000000106320       0xb6 libzephyr.a(log_output.c.obj)
 *fill*         0x00000000001063d6        0xa 
 .text.hexdump_print
                0x00000000001063e0       0xd9 libzephyr.a(log_output.c.obj)
 *fill*         0x00000000001064b9        0x7 
 .text.postfix_print
                0x00000000001064c0       0x5d libzephyr.a(log_output.c.obj)
 *fill*         0x000000000010651d        0x3 
 .text.out_func
                0x0000000000106520       0x5d libzephyr.a(log_output.c.obj)
 *fill*         0x000000000010657d        0x3 
 .text.print_formatted
                0x0000000000106580       0x4c libzephyr.a(log_output.c.obj)
 *fill*         0x00000000001065cc        0x4 
 .text.hexdump_line_print
                0x00000000001065d0      0x205 libzephyr.a(log_output.c.obj)
 *fill*         0x00000000001067d5        0xb 
 .text.log_output_dropped_process
                0x00000000001067e0       0xe1 libzephyr.a(log_output.c.obj)
                0x00000000001067e0                log_output_dropped_process
 *fill*         0x00000000001068c1        0xf 
 .text.log_output_timestamp_freq_set
                0x00000000001068d0       0x42 libzephyr.a(log_output.c.obj)
                0x00000000001068d0                log_output_timestamp_freq_set
 *fill*         0x0000000000106912        0xe 
 .text.timestamp_print
                0x0000000000106920      0x178 libzephyr.a(log_output.c.obj)
 *fill*         0x0000000000106a98        0x8 
 .text.color_prefix
                0x0000000000106aa0       0x4b libzephyr.a(log_output.c.obj)
 *fill*         0x0000000000106aeb        0x5 
 .text.ids_print
                0x0000000000106af0       0xec libzephyr.a(log_output.c.obj)
 *fill*         0x0000000000106bdc        0x4 
 .text.color_print
                0x0000000000106be0       0x8c libzephyr.a(log_output.c.obj)
 *fill*         0x0000000000106c6c        0x4 
 .text.color_postfix
                0x0000000000106c70       0x52 libzephyr.a(log_output.c.obj)
 *fill*         0x0000000000106cc2        0xe 
 .text.newline_print
                0x0000000000106cd0       0x63 libzephyr.a(log_output.c.obj)
 *fill*         0x0000000000106d33        0xd 
 .text.isprint  0x0000000000106d40       0x2d libzephyr.a(log_output.c.obj)
 *fill*         0x0000000000106d6d        0x3 
 .text.z_impl_uart_poll_out
                0x0000000000106d70       0x38 libzephyr.a(log_backend_uart.c.obj)
 *fill*         0x0000000000106da8        0x8 
 .text.put      0x0000000000106db0       0x3e libzephyr.a(log_backend_uart.c.obj)
 *fill*         0x0000000000106dee        0x2 
 .text.dropped  0x0000000000106df0       0x2e libzephyr.a(log_backend_uart.c.obj)
 *fill*         0x0000000000106e1e        0x2 
 .text.panic    0x0000000000106e20       0x1f libzephyr.a(log_backend_uart.c.obj)
 *fill*         0x0000000000106e3f        0x1 
 .text.log_backend_uart_init
                0x0000000000106e40       0x31 libzephyr.a(log_backend_uart.c.obj)
 *fill*         0x0000000000106e71        0xf 
 .text.log_backend_std_put
                0x0000000000106e80       0x69 libzephyr.a(log_backend_uart.c.obj)
 *fill*         0x0000000000106ee9        0x7 
 .text.char_out
                0x0000000000106ef0       0x59 libzephyr.a(log_backend_uart.c.obj)
 *fill*         0x0000000000106f49        0x7 
 .text.uart_poll_out
                0x0000000000106f50       0x24 libzephyr.a(log_backend_uart.c.obj)
 *fill*         0x0000000000106f74        0xc 
 .text.log_backend_std_dropped
                0x0000000000106f80       0x2b libzephyr.a(log_backend_uart.c.obj)
 *fill*         0x0000000000106fab        0x5 
 .text.log_backend_std_panic
                0x0000000000106fb0       0x1c libzephyr.a(log_backend_uart.c.obj)
 *fill*         0x0000000000106fcc        0x4 
 .text.device_get_binding
                0x0000000000106fd0       0x17 libzephyr.a(log_backend_uart.c.obj)
 *fill*         0x0000000000106fe7        0x9 
 .text.log_output_ctx_set
                0x0000000000106ff0       0x19 libzephyr.a(log_backend_uart.c.obj)
 *fill*         0x0000000000107009        0x7 
 .text.z_impl_uart_poll_out
                0x0000000000107010       0x38 libzephyr.a(uart_console.c.obj)
 *fill*         0x0000000000107048        0x8 
 .text.uart_console_hook_install
                0x0000000000107050       0x25 libzephyr.a(uart_console.c.obj)
                0x0000000000107050                uart_console_hook_install
 *fill*         0x0000000000107075        0xb 
 .text.console_out
                0x0000000000107080       0x4b libzephyr.a(uart_console.c.obj)
 *fill*         0x00000000001070cb        0x5 
 .text.uart_console_init
                0x00000000001070d0       0x2b libzephyr.a(uart_console.c.obj)
 *fill*         0x00000000001070fb        0x5 
 .text.uart_poll_out
                0x0000000000107100       0x24 libzephyr.a(uart_console.c.obj)
 *fill*         0x0000000000107124        0xc 
 .text.device_get_binding
                0x0000000000107130       0x17 libzephyr.a(uart_console.c.obj)
 *fill*         0x0000000000107147        0x9 
 .text._ioapic_init
                0x0000000000107150       0x5b libzephyr.a(ioapic_intr.c.obj)
                0x0000000000107150                _ioapic_init
 *fill*         0x00000000001071ab        0x5 
 .text.ioApicRedSetHi
                0x00000000001071b0       0x3a libzephyr.a(ioapic_intr.c.obj)
 *fill*         0x00000000001071ea        0x6 
 .text.ioApicRedSetLo
                0x00000000001071f0       0x37 libzephyr.a(ioapic_intr.c.obj)
 *fill*         0x0000000000107227        0x9 
 .text.z_ioapic_irq_enable
                0x0000000000107230       0x31 libzephyr.a(ioapic_intr.c.obj)
                0x0000000000107230                z_ioapic_irq_enable
 *fill*         0x0000000000107261        0xf 
 .text.IoApicRedUpdateLo
                0x0000000000107270       0x51 libzephyr.a(ioapic_intr.c.obj)
 *fill*         0x00000000001072c1        0xf 
 .text.z_ioapic_irq_set
                0x00000000001072d0       0x59 libzephyr.a(ioapic_intr.c.obj)
                0x00000000001072d0                z_ioapic_irq_set
 *fill*         0x0000000000107329        0x7 
 .text.__IoApicSet
                0x0000000000107330       0x50 libzephyr.a(ioapic_intr.c.obj)
 .text.ioApicRedGetLo
                0x0000000000107380       0x28 libzephyr.a(ioapic_intr.c.obj)
 *fill*         0x00000000001073a8        0x8 
 .text.__IoApicGet
                0x00000000001073b0       0x4e libzephyr.a(ioapic_intr.c.obj)
 *fill*         0x00000000001073fe        0x2 
 .text.z_loapic_enable
                0x0000000000107400      0x16b libzephyr.a(loapic_intr.c.obj)
                0x0000000000107400                z_loapic_enable
 *fill*         0x000000000010756b        0x5 
 .text.x86_write_xapic
                0x0000000000107570       0x2d libzephyr.a(loapic_intr.c.obj)
 *fill*         0x000000000010759d        0x3 
 .text.x86_read_xapic
                0x00000000001075a0       0x2a libzephyr.a(loapic_intr.c.obj)
 *fill*         0x00000000001075ca        0x6 
 .text.x86_read_loapic
                0x00000000001075d0       0x1c libzephyr.a(loapic_intr.c.obj)
 *fill*         0x00000000001075ec        0x4 
 .text.x86_write_loapic
                0x00000000001075f0       0x2b libzephyr.a(loapic_intr.c.obj)
 *fill*         0x000000000010761b        0x5 
 .text.z_loapic_int_vec_set
                0x0000000000107620       0x76 libzephyr.a(loapic_intr.c.obj)
                0x0000000000107620                z_loapic_int_vec_set
 *fill*         0x0000000000107696        0xa 
 .text.z_loapic_irq_enable
                0x00000000001076a0       0x6b libzephyr.a(loapic_intr.c.obj)
                0x00000000001076a0                z_loapic_irq_enable
 *fill*         0x000000000010770b        0x5 
 .text.z_irq_controller_isr_vector_get
                0x0000000000107710       0xb2 libzephyr.a(loapic_intr.c.obj)
                0x0000000000107710                z_irq_controller_isr_vector_get
 *fill*         0x00000000001077c2        0xe 
 .text.loapic_init
                0x00000000001077d0       0x13 libzephyr.a(loapic_intr.c.obj)
 *fill*         0x00000000001077e3        0xd 
 .text.z_irq_controller_irq_config
                0x00000000001077f0       0x51 libzephyr.a(system_apic.c.obj)
                0x00000000001077f0                z_irq_controller_irq_config
 *fill*         0x0000000000107841        0xf 
 .text.arch_irq_enable
                0x0000000000107850       0x34 libzephyr.a(system_apic.c.obj)
                0x0000000000107850                arch_irq_enable
 *fill*         0x0000000000107884        0xc 
 .text.z_clock_driver_init
                0x0000000000107890      0x103 libzephyr.a(hpet.c.obj)
                0x0000000000107890                z_clock_driver_init
 *fill*         0x0000000000107993        0xd 
 .text.hpet_isr
                0x00000000001079a0       0xa6 libzephyr.a(hpet.c.obj)
 *fill*         0x0000000000107a46        0xa 
 .text.set_timer0_irq
                0x0000000000107a50       0x2e libzephyr.a(hpet.c.obj)
 *fill*         0x0000000000107a7e        0x2 
 .text.z_clock_set_timeout
                0x0000000000107a80      0x1b3 libzephyr.a(hpet.c.obj)
                0x0000000000107a80                z_clock_set_timeout
 *fill*         0x0000000000107c33        0xd 
 .text.z_clock_elapsed
                0x0000000000107c40       0x77 libzephyr.a(hpet.c.obj)
                0x0000000000107c40                z_clock_elapsed
 *fill*         0x0000000000107cb7        0x9 
 .text.z_timer_cycle_get_32
                0x0000000000107cc0        0xc libzephyr.a(hpet.c.obj)
                0x0000000000107cc0                z_timer_cycle_get_32
 *fill*         0x0000000000107ccc        0x4 
 .text.arch_cpu_idle
                0x0000000000107cd0        0x7 arch/arch/x86/core/libarch__x86__core.a(cpuhalt.c.obj)
                0x0000000000107cd0                arch_cpu_idle
 *fill*         0x0000000000107cd7        0x9 
 .text.z_x86_prep_c
                0x0000000000107ce0       0x43 arch/arch/x86/core/libarch__x86__core.a(prep_c.c.obj)
                0x0000000000107ce0                z_x86_prep_c
 *fill*         0x0000000000107d23        0xd 
 .text.Z_THREAD_STACK_BUFFER
                0x0000000000107d30       0x14 arch/arch/x86/core/libarch__x86__core.a(prep_c.c.obj)
 *fill*         0x0000000000107d44        0xc 
 .text.z_x86_fatal_error
                0x0000000000107d50       0x33 arch/arch/x86/core/libarch__x86__core.a(fatal.c.obj)
                0x0000000000107d50                z_x86_fatal_error
 *fill*         0x0000000000107d83        0xd 
 .text.dump_regs
                0x0000000000107d90      0x54d arch/arch/x86/core/libarch__x86__core.a(fatal.c.obj)
 *fill*         0x00000000001082dd        0x3 
 .text.z_x86_page_fault_handler
                0x00000000001082e0       0x2f arch/arch/x86/core/libarch__x86__core.a(fatal.c.obj)
                0x00000000001082e0                z_x86_page_fault_handler
 *fill*         0x000000000010830f        0x1 
 .text.dump_page_fault
                0x0000000000108310      0x314 arch/arch/x86/core/libarch__x86__core.a(fatal.c.obj)
 *fill*         0x0000000000108624        0xc 
 .text._is_user_context
                0x0000000000108630        0xc arch/arch/x86/core/libarch__x86__core.a(fatal.c.obj)
 *fill*         0x000000000010863c        0x4 
 .text.log_const_source_id
                0x0000000000108640       0x1f arch/arch/x86/core/libarch__x86__core.a(fatal.c.obj)
 *fill*         0x000000000010865f        0x1 
 .text.z_x86_page_tables_get
                0x0000000000108660       0x12 arch/arch/x86/core/libarch__x86__core.a(fatal.c.obj)
 *fill*         0x0000000000108672        0xe 
 .text.unwind_stack
                0x0000000000108680      0x308 arch/arch/x86/core/libarch__x86__core.a(fatal.c.obj)
 *fill*         0x0000000000108988        0x8 
 .text.esf_get_code
                0x0000000000108990       0x17 arch/arch/x86/core/libarch__x86__core.a(fatal.c.obj)
 *fill*         0x00000000001089a7        0x9 
 .text.dump_mmu_flags
                0x00000000001089b0      0x1cc arch/arch/x86/core/libarch__x86__core.a(fatal.c.obj)
 *fill*         0x0000000000108b7c        0x4 
 .text.z_x86_get_pdpte
                0x0000000000108b80       0x3a arch/arch/x86/core/libarch__x86__core.a(fatal.c.obj)
 *fill*         0x0000000000108bba        0x6 
 .text.z_x86_pd_get_pde
                0x0000000000108bc0       0x32 arch/arch/x86/core/libarch__x86__core.a(fatal.c.obj)
 *fill*         0x0000000000108bf2        0xe 
 .text.z_x86_pdpte_get_pd
                0x0000000000108c00       0x2c arch/arch/x86/core/libarch__x86__core.a(fatal.c.obj)
 *fill*         0x0000000000108c2c        0x4 
 .text.dump_entry_flags
                0x0000000000108c30      0x3d2 arch/arch/x86/core/libarch__x86__core.a(fatal.c.obj)
 *fill*         0x0000000000109002        0xe 
 .text.z_x86_pt_get_pte
                0x0000000000109010       0x32 arch/arch/x86/core/libarch__x86__core.a(fatal.c.obj)
 *fill*         0x0000000000109042        0xe 
 .text.z_x86_pde_get_pt
                0x0000000000109050       0x2c arch/arch/x86/core/libarch__x86__core.a(fatal.c.obj)
 *fill*         0x000000000010907c        0x4 
 .text.z_x86_pdpt_get_pdpte
                0x0000000000109080       0x2f arch/arch/x86/core/libarch__x86__core.a(fatal.c.obj)
 *fill*         0x00000000001090af        0x1 
 .text.z_x86_get_pdpt
                0x00000000001090b0       0x17 arch/arch/x86/core/libarch__x86__core.a(fatal.c.obj)
 *fill*         0x00000000001090c7        0x9 
 .text.z_x86_get_pdpt
                0x00000000001090d0       0x17 arch/arch/x86/core/libarch__x86__core.a(x86_mmu.c.obj)
 *fill*         0x00000000001090e7        0x9 
 .text.z_x86_pdpt_get_pdpte
                0x00000000001090f0       0x2f arch/arch/x86/core/libarch__x86__core.a(x86_mmu.c.obj)
 *fill*         0x000000000010911f        0x1 
 .text.z_x86_pd_get_pde
                0x0000000000109120       0x32 arch/arch/x86/core/libarch__x86__core.a(x86_mmu.c.obj)
 *fill*         0x0000000000109152        0xe 
 .text.z_x86_pdpte_get_pd
                0x0000000000109160       0x2c arch/arch/x86/core/libarch__x86__core.a(x86_mmu.c.obj)
 *fill*         0x000000000010918c        0x4 
 .text.z_x86_pt_get_pte
                0x0000000000109190       0x32 arch/arch/x86/core/libarch__x86__core.a(x86_mmu.c.obj)
 *fill*         0x00000000001091c2        0xe 
 .text.z_x86_pde_get_pt
                0x00000000001091d0       0x2c arch/arch/x86/core/libarch__x86__core.a(x86_mmu.c.obj)
 *fill*         0x00000000001091fc        0x4 
 .text.z_x86_paging_init
                0x0000000000109200       0x9f arch/arch/x86/core/libarch__x86__core.a(x86_mmu.c.obj)
                0x0000000000109200                z_x86_paging_init
 *fill*         0x000000000010929f        0x1 
 .text.add_mmu_region
                0x00000000001092a0       0xa2 arch/arch/x86/core/libarch__x86__core.a(x86_mmu.c.obj)
 *fill*         0x0000000000109342        0xe 
 .text.add_mmu_region_page
                0x0000000000109350      0x1bd arch/arch/x86/core/libarch__x86__core.a(x86_mmu.c.obj)
 *fill*         0x000000000010950d        0x3 
 .text.get_page
                0x0000000000109510       0x19 arch/arch/x86/core/libarch__x86__core.a(x86_mmu.c.obj)
 *fill*         0x0000000000109529        0x7 
 .text.pdpte_update_pd
                0x0000000000109530       0x3f arch/arch/x86/core/libarch__x86__core.a(x86_mmu.c.obj)
 *fill*         0x000000000010956f        0x1 
 .text.pde_update_pt
                0x0000000000109570       0x3f arch/arch/x86/core/libarch__x86__core.a(x86_mmu.c.obj)
 *fill*         0x00000000001095af        0x1 
 .text.maybe_clear_xd
                0x00000000001095b0       0x75 arch/arch/x86/core/libarch__x86__core.a(x86_mmu.c.obj)
 *fill*         0x0000000000109625        0xb 
 .text.pte_update_addr
                0x0000000000109630       0x35 arch/arch/x86/core/libarch__x86__core.a(x86_mmu.c.obj)
 *fill*         0x0000000000109665        0xb 
 .text.z_x86_early_serial_init
                0x0000000000109670       0x85 arch/arch/x86/core/libarch__x86__core.a(early_serial.c.obj)
                0x0000000000109670                z_x86_early_serial_init
 *fill*         0x00000000001096f5        0xb 
 .text.console_out
                0x0000000000109700       0x30 arch/arch/x86/core/libarch__x86__core.a(early_serial.c.obj)
 .text.serout   0x0000000000109730       0x51 arch/arch/x86/core/libarch__x86__core.a(early_serial.c.obj)
 *fill*         0x0000000000109781        0xf 
 .text.init_cache
                0x0000000000109790       0x14 arch/arch/x86/core/libarch__x86__core.a(cache.c.obj)
 *fill*         0x00000000001097a4        0xc 
 .text.init_cache_line_size
                0x00000000001097b0        0xf arch/arch/x86/core/libarch__x86__core.a(cache.c.obj)
 *fill*         0x00000000001097bf        0x1 
 .text.z_cache_line_size_get
                0x00000000001097c0       0x14 arch/arch/x86/core/libarch__x86__core.a(cache_s.S.obj)
                0x00000000001097c0                z_cache_line_size_get
 *fill*         0x00000000001097d4        0xc 
 .text._exception_enter
                0x00000000001097e0       0x2c arch/arch/x86/core/libarch__x86__core.a(excstub.S.obj)
                0x00000000001097e0                _exception_enter
 *fill*         0x000000000010980c        0x4 
 .text._kernel_oops_handler
                0x0000000000109810        0xc arch/arch/x86/core/libarch__x86__core.a(excstub.S.obj)
                0x0000000000109810                _kernel_oops_handler
 *fill*         0x000000000010981c        0x4 
 .text._interrupt_enter
                0x0000000000109820       0x51 arch/arch/x86/core/libarch__x86__core.a(intstub.S.obj)
                0x0000000000109820                _interrupt_enter
 *fill*         0x0000000000109871        0xf 
 .text.z_SpuriousIntNoErrCodeHandler
                0x0000000000109880        0x2 arch/arch/x86/core/libarch__x86__core.a(intstub.S.obj)
                0x0000000000109880                z_SpuriousIntNoErrCodeHandler
 *fill*         0x0000000000109882        0xe 
 .text.z_SpuriousIntHandler
                0x0000000000109890       0x14 arch/arch/x86/core/libarch__x86__core.a(intstub.S.obj)
                0x0000000000109890                z_SpuriousIntHandler
 *fill*         0x00000000001098a4        0xc 
 .text.arch_swap
                0x00000000001098b0       0x29 arch/arch/x86/core/libarch__x86__core.a(swap.S.obj)
                0x00000000001098b0                arch_swap
 *fill*         0x00000000001098d9        0x7 
 .text.z_x86_thread_entry_wrapper
                0x00000000001098e0        0x9 arch/arch/x86/core/libarch__x86__core.a(swap.S.obj)
                0x00000000001098e0                z_x86_thread_entry_wrapper
 *fill*         0x00000000001098e9        0x7 
 .text.arch_new_thread
                0x00000000001098f0       0xda arch/arch/x86/core/libarch__x86__core.a(thread.c.obj)
                0x00000000001098f0                arch_new_thread
 *fill*         0x00000000001099ca        0x6 
 .text.Z_THREAD_STACK_BUFFER
                0x00000000001099d0       0x14 arch/arch/x86/core/libarch__x86__core.a(thread.c.obj)
 *fill*         0x00000000001099e4        0xc 
 .text.arch_system_halt
                0x00000000001099f0       0x23 arch/arch/x86/core/libarch__x86__core.a(fatal.c.obj)
                0x00000000001099f0                arch_system_halt
 *fill*         0x0000000000109a13        0xd 
 .text.z_x86_spurious_irq
                0x0000000000109a20      0x110 arch/arch/x86/core/libarch__x86__core.a(fatal.c.obj)
                0x0000000000109a20                z_x86_spurious_irq
 .text._is_user_context
                0x0000000000109b30        0xc arch/arch/x86/core/libarch__x86__core.a(fatal.c.obj)
 *fill*         0x0000000000109b3c        0x4 
 .text.log_const_source_id
                0x0000000000109b40       0x1f arch/arch/x86/core/libarch__x86__core.a(fatal.c.obj)
 *fill*         0x0000000000109b5f        0x1 
 .text.z_do_kernel_oops
                0x0000000000109b60       0x2e arch/arch/x86/core/libarch__x86__core.a(fatal.c.obj)
                0x0000000000109b60                z_do_kernel_oops
 *fill*         0x0000000000109b8e        0x2 
 .text.handle_exc_0
                0x0000000000109b90       0x24 arch/arch/x86/core/libarch__x86__core.a(fatal.c.obj)
                0x0000000000109b90                handle_exc_0
 *fill*         0x0000000000109bb4        0xc 
 .text.generic_exc_handle
                0x0000000000109bc0      0x3b0 arch/arch/x86/core/libarch__x86__core.a(fatal.c.obj)
 .text.handle_exc_2
                0x0000000000109f70       0x1f arch/arch/x86/core/libarch__x86__core.a(fatal.c.obj)
                0x0000000000109f70                handle_exc_2
 *fill*         0x0000000000109f8f        0x1 
 .text.handle_exc_4
                0x0000000000109f90       0x1f arch/arch/x86/core/libarch__x86__core.a(fatal.c.obj)
                0x0000000000109f90                handle_exc_4
 *fill*         0x0000000000109faf        0x1 
 .text.handle_exc_5
                0x0000000000109fb0       0x1f arch/arch/x86/core/libarch__x86__core.a(fatal.c.obj)
                0x0000000000109fb0                handle_exc_5
 *fill*         0x0000000000109fcf        0x1 
 .text.handle_exc_6
                0x0000000000109fd0       0x1f arch/arch/x86/core/libarch__x86__core.a(fatal.c.obj)
                0x0000000000109fd0                handle_exc_6
 *fill*         0x0000000000109fef        0x1 
 .text.handle_exc_7
                0x0000000000109ff0       0x1f arch/arch/x86/core/libarch__x86__core.a(fatal.c.obj)
                0x0000000000109ff0                handle_exc_7
 *fill*         0x000000000010a00f        0x1 
 .text.handle_exc_8
                0x000000000010a010       0x1f arch/arch/x86/core/libarch__x86__core.a(fatal.c.obj)
                0x000000000010a010                handle_exc_8
 *fill*         0x000000000010a02f        0x1 
 .text.handle_exc_10
                0x000000000010a030       0x1f arch/arch/x86/core/libarch__x86__core.a(fatal.c.obj)
                0x000000000010a030                handle_exc_10
 *fill*         0x000000000010a04f        0x1 
 .text.handle_exc_11
                0x000000000010a050       0x1f arch/arch/x86/core/libarch__x86__core.a(fatal.c.obj)
                0x000000000010a050                handle_exc_11
 *fill*         0x000000000010a06f        0x1 
 .text.handle_exc_12
                0x000000000010a070       0x1f arch/arch/x86/core/libarch__x86__core.a(fatal.c.obj)
                0x000000000010a070                handle_exc_12
 *fill*         0x000000000010a08f        0x1 
 .text.handle_exc_13
                0x000000000010a090       0x1f arch/arch/x86/core/libarch__x86__core.a(fatal.c.obj)
                0x000000000010a090                handle_exc_13
 *fill*         0x000000000010a0af        0x1 
 .text.handle_exc_16
                0x000000000010a0b0       0x1f arch/arch/x86/core/libarch__x86__core.a(fatal.c.obj)
                0x000000000010a0b0                handle_exc_16
 *fill*         0x000000000010a0cf        0x1 
 .text.handle_exc_17
                0x000000000010a0d0       0x1f arch/arch/x86/core/libarch__x86__core.a(fatal.c.obj)
                0x000000000010a0d0                handle_exc_17
 *fill*         0x000000000010a0ef        0x1 
 .text.handle_exc_18
                0x000000000010a0f0       0x1f arch/arch/x86/core/libarch__x86__core.a(fatal.c.obj)
                0x000000000010a0f0                handle_exc_18
 *fill*         0x000000000010a10f        0x1 
 .text.strcpy   0x000000000010a110       0x4e lib/libc/minimal/liblib__libc__minimal.a(string.c.obj)
                0x000000000010a110                strcpy
 *fill*         0x000000000010a15e        0x2 
 .text.strncpy  0x000000000010a160       0xa3 lib/libc/minimal/liblib__libc__minimal.a(string.c.obj)
                0x000000000010a160                strncpy
 *fill*         0x000000000010a203        0xd 
 .text.strchr   0x000000000010a210       0x85 lib/libc/minimal/liblib__libc__minimal.a(string.c.obj)
                0x000000000010a210                strchr
 *fill*         0x000000000010a295        0xb 
 .text.strlen   0x000000000010a2a0       0x3c lib/libc/minimal/liblib__libc__minimal.a(string.c.obj)
                0x000000000010a2a0                strlen
 *fill*         0x000000000010a2dc        0x4 
 .text.strcmp   0x000000000010a2e0       0x6c lib/libc/minimal/liblib__libc__minimal.a(string.c.obj)
                0x000000000010a2e0                strcmp
 *fill*         0x000000000010a34c        0x4 
 .text.memcpy   0x000000000010a350      0x11a lib/libc/minimal/liblib__libc__minimal.a(string.c.obj)
                0x000000000010a350                memcpy
 *fill*         0x000000000010a46a        0x6 
 .text.memset   0x000000000010a470       0xea lib/libc/minimal/liblib__libc__minimal.a(string.c.obj)
                0x000000000010a470                memset
 *fill*         0x000000000010a55a        0x6 
 .text.z_prf    0x000000000010a560      0xf9e lib/libc/minimal/liblib__libc__minimal.a(prf.c.obj)
                0x000000000010a560                z_prf
 *fill*         0x000000000010b4fe        0x2 
 .text.isdigit  0x000000000010b500       0x23 lib/libc/minimal/liblib__libc__minimal.a(prf.c.obj)
 *fill*         0x000000000010b523        0xd 
 .text._atoi    0x000000000010b530       0x61 lib/libc/minimal/liblib__libc__minimal.a(prf.c.obj)
 *fill*         0x000000000010b591        0xf 
 .text._to_dec  0x000000000010b5a0       0xb4 lib/libc/minimal/liblib__libc__minimal.a(prf.c.obj)
 *fill*         0x000000000010b654        0xc 
 .text._to_float
                0x000000000010b660      0x912 lib/libc/minimal/liblib__libc__minimal.a(prf.c.obj)
 *fill*         0x000000000010bf72        0xe 
 .text._to_hex  0x000000000010bf80       0x8f lib/libc/minimal/liblib__libc__minimal.a(prf.c.obj)
 *fill*         0x000000000010c00f        0x1 
 .text._to_octal
                0x000000000010c010       0x92 lib/libc/minimal/liblib__libc__minimal.a(prf.c.obj)
 *fill*         0x000000000010c0a2        0xe 
 .text._to_udec
                0x000000000010c0b0       0x33 lib/libc/minimal/liblib__libc__minimal.a(prf.c.obj)
 *fill*         0x000000000010c0e3        0xd 
 .text.isupper  0x000000000010c0f0       0x23 lib/libc/minimal/liblib__libc__minimal.a(prf.c.obj)
 *fill*         0x000000000010c113        0xd 
 .text._rlrshift
                0x000000000010c120       0x2d lib/libc/minimal/liblib__libc__minimal.a(prf.c.obj)
 *fill*         0x000000000010c14d        0x3 
 .text._ldiv5   0x000000000010c150      0x163 lib/libc/minimal/liblib__libc__minimal.a(prf.c.obj)
 *fill*         0x000000000010c2b3        0xd 
 .text._get_digit
                0x000000000010c2c0       0x81 lib/libc/minimal/liblib__libc__minimal.a(prf.c.obj)
 *fill*         0x000000000010c341        0xf 
 .text._to_x    0x000000000010c350       0xd9 lib/libc/minimal/liblib__libc__minimal.a(prf.c.obj)
 *fill*         0x000000000010c429        0x7 
 .text._uc      0x000000000010c430       0x4a lib/libc/minimal/liblib__libc__minimal.a(prf.c.obj)
 *fill*         0x000000000010c47a        0x6 
 .text.__stdout_hook_install
                0x000000000010c480       0x11 lib/libc/minimal/liblib__libc__minimal.a(stdout_console.c.obj)
                0x000000000010c480                __stdout_hook_install
 *fill*         0x000000000010c491        0xf 
 .text._stdout_hook_default
                0x000000000010c4a0       0x16 lib/libc/minimal/liblib__libc__minimal.a(stdout_console.c.obj)
 *fill*         0x000000000010c4b6        0xa 
 .text.snprintf
                0x000000000010c4c0       0x6c lib/libc/minimal/liblib__libc__minimal.a(sprintf.c.obj)
                0x000000000010c4c0                snprintf
 *fill*         0x000000000010c52c        0x4 
 .text.sprintf_out
                0x000000000010c530       0x3a lib/libc/minimal/liblib__libc__minimal.a(sprintf.c.obj)
 *fill*         0x000000000010c56a        0x6 
 .text.sprintf  0x000000000010c570       0x66 lib/libc/minimal/liblib__libc__minimal.a(sprintf.c.obj)
                0x000000000010c570                sprintf
 *fill*         0x000000000010c5d6        0xa 
 .text.set_lvgl_rendering_cb
                0x000000000010c5e0      0x124 lib/gui/lvgl/liblib__gui__lvgl.a(lvgl_display.c.obj)
                0x000000000010c5e0                set_lvgl_rendering_cb
 *fill*         0x000000000010c704        0xc 
 .text.display_get_capabilities
                0x000000000010c710       0x39 lib/gui/lvgl/liblib__gui__lvgl.a(lvgl_display.c.obj)
 *fill*         0x000000000010c749        0x7 
 .text.lvgl_flush_cb_mono
                0x000000000010c750      0x12f lib/gui/lvgl/liblib__gui__lvgl.a(lvgl_display_mono.c.obj)
                0x000000000010c750                lvgl_flush_cb_mono
 *fill*         0x000000000010c87f        0x1 
 .text.display_get_capabilities
                0x000000000010c880       0x39 lib/gui/lvgl/liblib__gui__lvgl.a(lvgl_display_mono.c.obj)
 *fill*         0x000000000010c8b9        0x7 
 .text.display_write
                0x000000000010c8c0       0x88 lib/gui/lvgl/liblib__gui__lvgl.a(lvgl_display_mono.c.obj)
 *fill*         0x000000000010c948        0x8 
 .text.lvgl_set_px_cb_mono
                0x000000000010c950      0x1f9 lib/gui/lvgl/liblib__gui__lvgl.a(lvgl_display_mono.c.obj)
                0x000000000010c950                lvgl_set_px_cb_mono
 *fill*         0x000000000010cb49        0x7 
 .text.lvgl_rounder_cb_mono
                0x000000000010cb50       0x84 lib/gui/lvgl/liblib__gui__lvgl.a(lvgl_display_mono.c.obj)
                0x000000000010cb50                lvgl_rounder_cb_mono
 *fill*         0x000000000010cbd4        0xc 
 .text.lvgl_flush_cb_16bit
                0x000000000010cbe0       0xd9 lib/gui/lvgl/liblib__gui__lvgl.a(lvgl_display_16bit.c.obj)
                0x000000000010cbe0                lvgl_flush_cb_16bit
 *fill*         0x000000000010ccb9        0x7 
 .text.display_write
                0x000000000010ccc0       0x88 lib/gui/lvgl/liblib__gui__lvgl.a(lvgl_display_16bit.c.obj)
 *fill*         0x000000000010cd48        0x8 
 .text.lvgl_set_px_cb_16bit
                0x000000000010cd50       0x85 lib/gui/lvgl/liblib__gui__lvgl.a(lvgl_display_16bit.c.obj)
                0x000000000010cd50                lvgl_set_px_cb_16bit
 *fill*         0x000000000010cdd5        0xb 
 .text.lv_color_to16
                0x000000000010cde0       0x6e lib/gui/lvgl/liblib__gui__lvgl.a(lvgl_display_16bit.c.obj)
 *fill*         0x000000000010ce4e        0x2 
 .text.lvgl_flush_cb_24bit
                0x000000000010ce50       0xd9 lib/gui/lvgl/liblib__gui__lvgl.a(lvgl_display_24bit.c.obj)
                0x000000000010ce50                lvgl_flush_cb_24bit
 *fill*         0x000000000010cf29        0x7 
 .text.display_write
                0x000000000010cf30       0x88 lib/gui/lvgl/liblib__gui__lvgl.a(lvgl_display_24bit.c.obj)
 *fill*         0x000000000010cfb8        0x8 
 .text.lvgl_set_px_cb_24bit
                0x000000000010cfc0      0x106 lib/gui/lvgl/liblib__gui__lvgl.a(lvgl_display_24bit.c.obj)
                0x000000000010cfc0                lvgl_set_px_cb_24bit
 *fill*         0x000000000010d0c6        0xa 
 .text.lv_color_mix
                0x000000000010d0d0       0xc3 lib/gui/lvgl/liblib__gui__lvgl.a(lvgl_display_24bit.c.obj)
 *fill*         0x000000000010d193        0xd 
 .text.lv_color_to32
                0x000000000010d1a0        0xa lib/gui/lvgl/liblib__gui__lvgl.a(lvgl_display_24bit.c.obj)
 *fill*         0x000000000010d1aa        0x6 
 .text.lvgl_flush_cb_32bit
                0x000000000010d1b0       0xd9 lib/gui/lvgl/liblib__gui__lvgl.a(lvgl_display_32bit.c.obj)
                0x000000000010d1b0                lvgl_flush_cb_32bit
 *fill*         0x000000000010d289        0x7 
 .text.display_write
                0x000000000010d290       0x88 lib/gui/lvgl/liblib__gui__lvgl.a(lvgl_display_32bit.c.obj)
 *fill*         0x000000000010d318        0x8 
 .text.lvgl_init
                0x000000000010d320      0x311 lib/gui/lvgl/liblib__gui__lvgl.a(lvgl.c.obj)
 *fill*         0x000000000010d631        0xf 
 .text.device_get_binding
                0x000000000010d640       0x17 lib/gui/lvgl/liblib__gui__lvgl.a(lvgl.c.obj)
 *fill*         0x000000000010d657        0x9 
 .text._is_user_context
                0x000000000010d660        0xc lib/gui/lvgl/liblib__gui__lvgl.a(lvgl.c.obj)
 *fill*         0x000000000010d66c        0x4 
 .text.log_const_source_id
                0x000000000010d670       0x1f lib/gui/lvgl/liblib__gui__lvgl.a(lvgl.c.obj)
 *fill*         0x000000000010d68f        0x1 
 .text.lvgl_log
                0x000000000010d690      0x1cf lib/gui/lvgl/liblib__gui__lvgl.a(lvgl.c.obj)
 *fill*         0x000000000010d85f        0x1 
 .text.lvgl_allocate_rendering_buffers
                0x000000000010d860       0x4e lib/gui/lvgl/liblib__gui__lvgl.a(lvgl.c.obj)
 *fill*         0x000000000010d8ae        0x2 
 .text.uart_ns16550_init
                0x000000000010d8b0      0x100 drivers/serial/libdrivers__serial.a(uart_ns16550.c.obj)
 .text.set_baud_rate
                0x000000000010d9b0       0xfd drivers/serial/libdrivers__serial.a(uart_ns16550.c.obj)
 *fill*         0x000000000010daad        0x3 
 .text.uart_ns16550_poll_in
                0x000000000010dab0       0x6c drivers/serial/libdrivers__serial.a(uart_ns16550.c.obj)
 *fill*         0x000000000010db1c        0x4 
 .text.uart_ns16550_poll_out
                0x000000000010db20       0x56 drivers/serial/libdrivers__serial.a(uart_ns16550.c.obj)
 *fill*         0x000000000010db76        0xa 
 .text.uart_ns16550_err_check
                0x000000000010db80       0x32 drivers/serial/libdrivers__serial.a(uart_ns16550.c.obj)
 *fill*         0x000000000010dbb2        0xe 
 .text.lv_indev_init
                0x000000000010dbc0       0x1c ../modules/lvgl/lib..__modules__lib__gui__lvgl.a(lv_indev.c.obj)
                0x000000000010dbc0                lv_indev_init
 *fill*         0x000000000010dbdc        0x4 
 .text.lv_indev_reset
                0x000000000010dbe0       0x71 ../modules/lvgl/lib..__modules__lib__gui__lvgl.a(lv_indev.c.obj)
                0x000000000010dbe0                lv_indev_reset
 *fill*         0x000000000010dc51        0xf 
 .text.lv_disp_get_scr_act
                0x000000000010dc60       0x6a ../modules/lvgl/lib..__modules__lib__gui__lvgl.a(lv_disp.c.obj)
                0x000000000010dc60                lv_disp_get_scr_act
 *fill*         0x000000000010dcca        0x6 
 .text.lv_disp_get_layer_top
                0x000000000010dcd0       0x6a ../modules/lvgl/lib..__modules__lib__gui__lvgl.a(lv_disp.c.obj)
                0x000000000010dcd0                lv_disp_get_layer_top
 *fill*         0x000000000010dd3a        0x6 
 .text.lv_disp_get_layer_sys
                0x000000000010dd40       0x6a ../modules/lvgl/lib..__modules__lib__gui__lvgl.a(lv_disp.c.obj)
                0x000000000010dd40                lv_disp_get_layer_sys
 *fill*         0x000000000010ddaa        0x6 
 .text.lv_init  0x000000000010ddb0       0xca ../modules/lvgl/lib..__modules__lib__gui__lvgl.a(lv_obj.c.obj)
                0x000000000010ddb0                lv_init
 *fill*         0x000000000010de7a        0x6 
 .text.lv_obj_create
                0x000000000010de80      0x77d ../modules/lvgl/lib..__modules__lib__gui__lvgl.a(lv_obj.c.obj)
                0x000000000010de80                lv_obj_create
 *fill*         0x000000000010e5fd        0x3 
 .text.lv_obj_set_signal_cb
                0x000000000010e600       0x16 ../modules/lvgl/lib..__modules__lib__gui__lvgl.a(lv_obj.c.obj)
                0x000000000010e600                lv_obj_set_signal_cb
 *fill*         0x000000000010e616        0xa 
 .text.lv_obj_signal
                0x000000000010e620       0xec ../modules/lvgl/lib..__modules__lib__gui__lvgl.a(lv_obj.c.obj)
 *fill*         0x000000000010e70c        0x4 
 .text.lv_obj_set_design_cb
                0x000000000010e710       0x16 ../modules/lvgl/lib..__modules__lib__gui__lvgl.a(lv_obj.c.obj)
                0x000000000010e710                lv_obj_set_design_cb
 *fill*         0x000000000010e726        0xa 
 .text.lv_obj_design
                0x000000000010e730      0x1e1 ../modules/lvgl/lib..__modules__lib__gui__lvgl.a(lv_obj.c.obj)
 *fill*         0x000000000010e911        0xf 
 .text.lv_area_copy
                0x000000000010e920       0x33 ../modules/lvgl/lib..__modules__lib__gui__lvgl.a(lv_obj.c.obj)
 *fill*         0x000000000010e953        0xd 
 .text.lv_obj_get_parent
                0x000000000010e960       0x16 ../modules/lvgl/lib..__modules__lib__gui__lvgl.a(lv_obj.c.obj)
                0x000000000010e960                lv_obj_get_parent
 *fill*         0x000000000010e976        0xa 
 .text.lv_obj_set_pos
                0x000000000010e980      0x167 ../modules/lvgl/lib..__modules__lib__gui__lvgl.a(lv_obj.c.obj)
                0x000000000010e980                lv_obj_set_pos
 *fill*         0x000000000010eae7        0x9 
 .text.lv_obj_get_x
                0x000000000010eaf0       0x37 ../modules/lvgl/lib..__modules__lib__gui__lvgl.a(lv_obj.c.obj)
                0x000000000010eaf0                lv_obj_get_x
 *fill*         0x000000000010eb27        0x9 
 .text.lv_obj_get_y
                0x000000000010eb30       0x37 ../modules/lvgl/lib..__modules__lib__gui__lvgl.a(lv_obj.c.obj)
                0x000000000010eb30                lv_obj_get_y
 *fill*         0x000000000010eb67        0x9 
 .text.lv_obj_invalidate
                0x000000000010eb70      0x1cb ../modules/lvgl/lib..__modules__lib__gui__lvgl.a(lv_obj.c.obj)
                0x000000000010eb70                lv_obj_invalidate
 *fill*         0x000000000010ed3b        0x5 
 .text.lv_obj_get_disp
                0x000000000010ed40       0xf6 ../modules/lvgl/lib..__modules__lib__gui__lvgl.a(lv_obj.c.obj)
                0x000000000010ed40                lv_obj_get_disp
 *fill*         0x000000000010ee36        0xa 
 .text.lv_obj_get_child
                0x000000000010ee40       0x53 ../modules/lvgl/lib..__modules__lib__gui__lvgl.a(lv_obj.c.obj)
                0x000000000010ee40                lv_obj_get_child
 *fill*         0x000000000010ee93        0xd 
 .text.lv_obj_get_hidden
                0x000000000010eea0       0x52 ../modules/lvgl/lib..__modules__lib__gui__lvgl.a(lv_obj.c.obj)
                0x000000000010eea0                lv_obj_get_hidden
 *fill*         0x000000000010eef2        0xe 
 .text.lv_obj_get_screen
                0x000000000010ef00       0x35 ../modules/lvgl/lib..__modules__lib__gui__lvgl.a(lv_obj.c.obj)
                0x000000000010ef00                lv_obj_get_screen
 *fill*         0x000000000010ef35        0xb 
 .text.lv_obj_get_coords
                0x000000000010ef40       0x2e ../modules/lvgl/lib..__modules__lib__gui__lvgl.a(lv_obj.c.obj)
                0x000000000010ef40                lv_obj_get_coords
 *fill*         0x000000000010ef6e        0x2 
 .text.refresh_children_position
                0x000000000010ef70       0xc1 ../modules/lvgl/lib..__modules__lib__gui__lvgl.a(lv_obj.c.obj)
 *fill*         0x000000000010f031        0xf 
 .text.lv_obj_set_size
                0x000000000010f040      0x178 ../modules/lvgl/lib..__modules__lib__gui__lvgl.a(lv_obj.c.obj)
                0x000000000010f040                lv_obj_set_size
 *fill*         0x000000000010f1b8        0x8 
 .text.lv_obj_get_width
                0x000000000010f1c0       0x20 ../modules/lvgl/lib..__modules__lib__gui__lvgl.a(lv_obj.c.obj)
                0x000000000010f1c0                lv_obj_get_width
 .text.lv_obj_get_height
                0x000000000010f1e0       0x20 ../modules/lvgl/lib..__modules__lib__gui__lvgl.a(lv_obj.c.obj)
                0x000000000010f1e0                lv_obj_get_height
 .text.lv_obj_set_height
                0x000000000010f200       0x46 ../modules/lvgl/lib..__modules__lib__gui__lvgl.a(lv_obj.c.obj)
                0x000000000010f200                lv_obj_set_height
 *fill*         0x000000000010f246        0xa 
 .text.lv_obj_align
                0x000000000010f250      0x63f ../modules/lvgl/lib..__modules__lib__gui__lvgl.a(lv_obj.c.obj)
                0x000000000010f250                lv_obj_align
 *fill*         0x000000000010f88f        0x1 
 .text.lv_obj_set_style
                0x000000000010f890       0x38 ../modules/lvgl/lib..__modules__lib__gui__lvgl.a(lv_obj.c.obj)
                0x000000000010f890                lv_obj_set_style
 *fill*         0x000000000010f8c8        0x8 
 .text.refresh_children_style
                0x000000000010f8d0       0x9c ../modules/lvgl/lib..__modules__lib__gui__lvgl.a(lv_obj.c.obj)
 *fill*         0x000000000010f96c        0x4 
 .text.lv_obj_refresh_style
                0x000000000010f970       0x4d ../modules/lvgl/lib..__modules__lib__gui__lvgl.a(lv_obj.c.obj)
                0x000000000010f970                lv_obj_refresh_style
 *fill*         0x000000000010f9bd        0x3 
 .text.lv_obj_set_click
                0x000000000010f9c0       0x5c ../modules/lvgl/lib..__modules__lib__gui__lvgl.a(lv_obj.c.obj)
                0x000000000010f9c0                lv_obj_set_click
 *fill*         0x000000000010fa1c        0x4 
 .text.lv_obj_allocate_ext_attr
                0x000000000010fa20       0x3d ../modules/lvgl/lib..__modules__lib__gui__lvgl.a(lv_obj.c.obj)
                0x000000000010fa20                lv_obj_allocate_ext_attr
 *fill*         0x000000000010fa5d        0x3 
 .text.lv_obj_refresh_ext_draw_pad
                0x000000000010fa60       0x4d ../modules/lvgl/lib..__modules__lib__gui__lvgl.a(lv_obj.c.obj)
                0x000000000010fa60                lv_obj_refresh_ext_draw_pad
 *fill*         0x000000000010faad        0x3 
 .text.lv_obj_get_style
                0x000000000010fab0       0x92 ../modules/lvgl/lib..__modules__lib__gui__lvgl.a(lv_obj.c.obj)
                0x000000000010fab0                lv_obj_get_style
 *fill*         0x000000000010fb42        0xe 
 .text.lv_area_get_width
                0x000000000010fb50       0x26 ../modules/lvgl/lib..__modules__lib__gui__lvgl.a(lv_obj.c.obj)
 *fill*         0x000000000010fb76        0xa 
 .text.lv_area_get_height
                0x000000000010fb80       0x27 ../modules/lvgl/lib..__modules__lib__gui__lvgl.a(lv_obj.c.obj)
 *fill*         0x000000000010fba7        0x9 
 .text.lv_obj_get_opa_scale
                0x000000000010fbb0       0x5f ../modules/lvgl/lib..__modules__lib__gui__lvgl.a(lv_obj.c.obj)
                0x000000000010fbb0                lv_obj_get_opa_scale
 *fill*         0x000000000010fc0f        0x1 
 .text.lv_obj_is_protected
                0x000000000010fc10       0x4d ../modules/lvgl/lib..__modules__lib__gui__lvgl.a(lv_obj.c.obj)
                0x000000000010fc10                lv_obj_is_protected
 *fill*         0x000000000010fc5d        0x3 
 .text.lv_obj_get_signal_cb
                0x000000000010fc60       0x17 ../modules/lvgl/lib..__modules__lib__gui__lvgl.a(lv_obj.c.obj)
                0x000000000010fc60                lv_obj_get_signal_cb
 *fill*         0x000000000010fc77        0x9 
 .text.lv_obj_get_ext_attr
                0x000000000010fc80       0x17 ../modules/lvgl/lib..__modules__lib__gui__lvgl.a(lv_obj.c.obj)
                0x000000000010fc80                lv_obj_get_ext_attr
 *fill*         0x000000000010fc97        0x9 
 .text.lv_refr_init
                0x000000000010fca0        0x5 ../modules/lvgl/lib..__modules__lib__gui__lvgl.a(lv_refr.c.obj)
                0x000000000010fca0                lv_refr_init
 *fill*         0x000000000010fca5        0xb 
 .text.lv_disp_refr_task
                0x000000000010fcb0      0x2b5 ../modules/lvgl/lib..__modules__lib__gui__lvgl.a(lv_refr.c.obj)
                0x000000000010fcb0                lv_disp_refr_task
 *fill*         0x000000000010ff65        0xb 
 .text.lv_inv_area
                0x000000000010ff70      0x21f ../modules/lvgl/lib..__modules__lib__gui__lvgl.a(lv_refr.c.obj)
                0x000000000010ff70                lv_inv_area
 *fill*         0x000000000011018f        0x1 
 .text.lv_area_copy
                0x0000000000110190       0x33 ../modules/lvgl/lib..__modules__lib__gui__lvgl.a(lv_refr.c.obj)
 *fill*         0x00000000001101c3        0xd 
 .text.lv_refr_get_disp_refreshing
                0x00000000001101d0        0xa ../modules/lvgl/lib..__modules__lib__gui__lvgl.a(lv_refr.c.obj)
                0x00000000001101d0                lv_refr_get_disp_refreshing
 *fill*         0x00000000001101da        0x6 
 .text.lv_refr_join_area
                0x00000000001101e0      0x1da ../modules/lvgl/lib..__modules__lib__gui__lvgl.a(lv_refr.c.obj)
 *fill*         0x00000000001103ba        0x6 
 .text.lv_refr_areas
                0x00000000001103c0       0xb7 ../modules/lvgl/lib..__modules__lib__gui__lvgl.a(lv_refr.c.obj)
 *fill*         0x0000000000110477        0x9 
 .text.lv_refr_vdb_flush
                0x0000000000110480       0xec ../modules/lvgl/lib..__modules__lib__gui__lvgl.a(lv_refr.c.obj)
 *fill*         0x000000000011056c        0x4 
 .text.lv_area_get_width
                0x0000000000110570       0x26 ../modules/lvgl/lib..__modules__lib__gui__lvgl.a(lv_refr.c.obj)
 *fill*         0x0000000000110596        0xa 
 .text.lv_refr_area
                0x00000000001105a0      0x34b ../modules/lvgl/lib..__modules__lib__gui__lvgl.a(lv_refr.c.obj)
 *fill*         0x00000000001108eb        0x5 
 .text.lv_refr_area_part
                0x00000000001108f0      0x118 ../modules/lvgl/lib..__modules__lib__gui__lvgl.a(lv_refr.c.obj)
 *fill*         0x0000000000110a08        0x8 
 .text.lv_area_get_height
                0x0000000000110a10       0x27 ../modules/lvgl/lib..__modules__lib__gui__lvgl.a(lv_refr.c.obj)
 *fill*         0x0000000000110a37        0x9 
 .text.lv_refr_get_top_obj
                0x0000000000110a40      0x140 ../modules/lvgl/lib..__modules__lib__gui__lvgl.a(lv_refr.c.obj)
 .text.lv_refr_obj_and_children
                0x0000000000110b80       0xe5 ../modules/lvgl/lib..__modules__lib__gui__lvgl.a(lv_refr.c.obj)
 *fill*         0x0000000000110c65        0xb 
 .text.lv_refr_obj
                0x0000000000110c70      0x24b ../modules/lvgl/lib..__modules__lib__gui__lvgl.a(lv_refr.c.obj)
 *fill*         0x0000000000110ebb        0x5 
 .text.lv_style_init
                0x0000000000110ec0      0xd64 ../modules/lvgl/lib..__modules__lib__gui__lvgl.a(lv_style.c.obj)
                0x0000000000110ec0                lv_style_init
 *fill*         0x0000000000111c24        0xc 
 .text.lv_color_make
                0x0000000000111c30       0x2e ../modules/lvgl/lib..__modules__lib__gui__lvgl.a(lv_style.c.obj)
 *fill*         0x0000000000111c5e        0x2 
 .text.lv_style_copy
                0x0000000000111c60       0x33 ../modules/lvgl/lib..__modules__lib__gui__lvgl.a(lv_style.c.obj)
                0x0000000000111c60                lv_style_copy
 *fill*         0x0000000000111c93        0xd 
 .text.lv_area_get_width
                0x0000000000111ca0       0x26 ../modules/lvgl/lib..__modules__lib__gui__lvgl.a(lv_draw_basic.c.obj)
 *fill*         0x0000000000111cc6        0xa 
 .text.lv_color_mix
                0x0000000000111cd0       0xc3 ../modules/lvgl/lib..__modules__lib__gui__lvgl.a(lv_draw_basic.c.obj)
 *fill*         0x0000000000111d93        0xd 
 .text.lv_draw_fill
                0x0000000000111da0      0x155 ../modules/lvgl/lib..__modules__lib__gui__lvgl.a(lv_draw_basic.c.obj)
                0x0000000000111da0                lv_draw_fill
 *fill*         0x0000000000111ef5        0xb 
 .text.sw_color_fill
                0x0000000000111f00      0x358 ../modules/lvgl/lib..__modules__lib__gui__lvgl.a(lv_draw_basic.c.obj)
 *fill*         0x0000000000112258        0x8 
 .text.lv_draw_letter
                0x0000000000112260      0x88c ../modules/lvgl/lib..__modules__lib__gui__lvgl.a(lv_draw_basic.c.obj)
                0x0000000000112260                lv_draw_letter
 *fill*         0x0000000000112aec        0x4 
 .text.lv_draw_free_buf
                0x0000000000112af0       0x37 ../modules/lvgl/lib..__modules__lib__gui__lvgl.a(lv_draw.c.obj)
                0x0000000000112af0                lv_draw_free_buf
 *fill*         0x0000000000112b27        0x9 
 .text.lv_draw_rect
                0x0000000000112b30      0x16d ../modules/lvgl/lib..__modules__lib__gui__lvgl.a(lv_draw_rect.c.obj)
                0x0000000000112b30                lv_draw_rect
 *fill*         0x0000000000112c9d        0x3 
 .text.lv_area_get_height
                0x0000000000112ca0       0x27 ../modules/lvgl/lib..__modules__lib__gui__lvgl.a(lv_draw_rect.c.obj)
 *fill*         0x0000000000112cc7        0x9 
 .text.lv_area_get_width
                0x0000000000112cd0       0x26 ../modules/lvgl/lib..__modules__lib__gui__lvgl.a(lv_draw_rect.c.obj)
 *fill*         0x0000000000112cf6        0xa 
 .text.lv_draw_rect_main_mid
                0x0000000000112d00      0x335 ../modules/lvgl/lib..__modules__lib__gui__lvgl.a(lv_draw_rect.c.obj)
 *fill*         0x0000000000113035        0xb 
 .text.lv_draw_rect_main_corner
                0x0000000000113040      0xd14 ../modules/lvgl/lib..__modules__lib__gui__lvgl.a(lv_draw_rect.c.obj)
 *fill*         0x0000000000113d54        0xc 
 .text.lv_draw_rect_border_straight
                0x0000000000113d60      0xae7 ../modules/lvgl/lib..__modules__lib__gui__lvgl.a(lv_draw_rect.c.obj)
 *fill*         0x0000000000114847        0x9 
 .text.lv_draw_rect_border_corner
                0x0000000000114850      0x79d ../modules/lvgl/lib..__modules__lib__gui__lvgl.a(lv_draw_rect.c.obj)
 *fill*         0x0000000000114fed        0x3 
 .text.lv_draw_cont_radius_corr
                0x0000000000114ff0       0xd4 ../modules/lvgl/lib..__modules__lib__gui__lvgl.a(lv_draw_rect.c.obj)
 *fill*         0x00000000001150c4        0xc 
 .text.lv_color_mix
                0x00000000001150d0       0xc3 ../modules/lvgl/lib..__modules__lib__gui__lvgl.a(lv_draw_rect.c.obj)
 *fill*         0x0000000000115193        0xd 
 .text.lv_draw_label
                0x00000000001151a0      0xbbb ../modules/lvgl/lib..__modules__lib__gui__lvgl.a(lv_draw_label.c.obj)
                0x00000000001151a0                lv_draw_label
 *fill*         0x0000000000115d5b        0x5 
 .text.lv_area_get_width
                0x0000000000115d60       0x26 ../modules/lvgl/lib..__modules__lib__gui__lvgl.a(lv_draw_label.c.obj)
 *fill*         0x0000000000115d86        0xa 
 .text.lv_font_get_line_height
                0x0000000000115d90       0x18 ../modules/lvgl/lib..__modules__lib__gui__lvgl.a(lv_draw_label.c.obj)
 *fill*         0x0000000000115da8        0x8 
 .text.hex_char_to_num
                0x0000000000115db0       0xb6 ../modules/lvgl/lib..__modules__lib__gui__lvgl.a(lv_draw_label.c.obj)
 *fill*         0x0000000000115e66        0xa 
 .text.lv_color_make
                0x0000000000115e70       0x2e ../modules/lvgl/lib..__modules__lib__gui__lvgl.a(lv_draw_label.c.obj)
 *fill*         0x0000000000115e9e        0x2 
 .text.lv_img_color_format_get_px_size
                0x0000000000115ea0       0x77 ../modules/lvgl/lib..__modules__lib__gui__lvgl.a(lv_draw_img.c.obj)
                0x0000000000115ea0                lv_img_color_format_get_px_size
 *fill*         0x0000000000115f17        0x9 
 .text.lv_img_src_get_type
                0x0000000000115f20       0xba ../modules/lvgl/lib..__modules__lib__gui__lvgl.a(lv_draw_img.c.obj)
                0x0000000000115f20                lv_img_src_get_type
 *fill*         0x0000000000115fda        0x6 
 .text.lv_img_decoder_init
                0x0000000000115fe0       0xeb ../modules/lvgl/lib..__modules__lib__gui__lvgl.a(lv_img_decoder.c.obj)
                0x0000000000115fe0                lv_img_decoder_init
 *fill*         0x00000000001160cb        0x5 
 .text.lv_img_decoder_create
                0x00000000001160d0       0x92 ../modules/lvgl/lib..__modules__lib__gui__lvgl.a(lv_img_decoder.c.obj)
                0x00000000001160d0                lv_img_decoder_create
 *fill*         0x0000000000116162        0xe 
 .text.lv_img_decoder_set_info_cb
                0x0000000000116170       0x15 ../modules/lvgl/lib..__modules__lib__gui__lvgl.a(lv_img_decoder.c.obj)
                0x0000000000116170                lv_img_decoder_set_info_cb
 *fill*         0x0000000000116185        0xb 
 .text.lv_img_decoder_built_in_info
                0x0000000000116190      0x14a ../modules/lvgl/lib..__modules__lib__gui__lvgl.a(lv_img_decoder.c.obj)
                0x0000000000116190                lv_img_decoder_built_in_info
 *fill*         0x00000000001162da        0x6 
 .text.lv_img_decoder_set_open_cb
                0x00000000001162e0       0x16 ../modules/lvgl/lib..__modules__lib__gui__lvgl.a(lv_img_decoder.c.obj)
                0x00000000001162e0                lv_img_decoder_set_open_cb
 *fill*         0x00000000001162f6        0xa 
 .text.lv_img_decoder_built_in_open
                0x0000000000116300      0x3b8 ../modules/lvgl/lib..__modules__lib__gui__lvgl.a(lv_img_decoder.c.obj)
                0x0000000000116300                lv_img_decoder_built_in_open
 *fill*         0x00000000001166b8        0x8 
 .text.lv_img_decoder_set_read_line_cb
                0x00000000001166c0       0x16 ../modules/lvgl/lib..__modules__lib__gui__lvgl.a(lv_img_decoder.c.obj)
                0x00000000001166c0                lv_img_decoder_set_read_line_cb
 *fill*         0x00000000001166d6        0xa 
 .text.lv_img_decoder_built_in_read_line
                0x00000000001166e0      0x1f9 ../modules/lvgl/lib..__modules__lib__gui__lvgl.a(lv_img_decoder.c.obj)
                0x00000000001166e0                lv_img_decoder_built_in_read_line
 *fill*         0x00000000001168d9        0x7 
 .text.lv_img_decoder_set_close_cb
                0x00000000001168e0       0x16 ../modules/lvgl/lib..__modules__lib__gui__lvgl.a(lv_img_decoder.c.obj)
                0x00000000001168e0                lv_img_decoder_set_close_cb
 *fill*         0x00000000001168f6        0xa 
 .text.lv_img_decoder_built_in_close
                0x0000000000116900       0x52 ../modules/lvgl/lib..__modules__lib__gui__lvgl.a(lv_img_decoder.c.obj)
                0x0000000000116900                lv_img_decoder_built_in_close
 *fill*         0x0000000000116952        0xe 
 .text.lv_img_decoder_close
                0x0000000000116960       0x47 ../modules/lvgl/lib..__modules__lib__gui__lvgl.a(lv_img_decoder.c.obj)
                0x0000000000116960                lv_img_decoder_close
 *fill*         0x00000000001169a7        0x9 
 .text.lv_color_make
                0x00000000001169b0       0x2e ../modules/lvgl/lib..__modules__lib__gui__lvgl.a(lv_img_decoder.c.obj)
 *fill*         0x00000000001169de        0x2 
 .text.lv_img_decoder_built_in_line_true_color
                0x00000000001169e0       0x62 ../modules/lvgl/lib..__modules__lib__gui__lvgl.a(lv_img_decoder.c.obj)
 *fill*         0x0000000000116a42        0xe 
 .text.lv_img_decoder_built_in_line_alpha
                0x0000000000116a50      0x423 ../modules/lvgl/lib..__modules__lib__gui__lvgl.a(lv_img_decoder.c.obj)
 *fill*         0x0000000000116e73        0xd 
 .text.lv_img_decoder_built_in_line_indexed
                0x0000000000116e80      0x34f ../modules/lvgl/lib..__modules__lib__gui__lvgl.a(lv_img_decoder.c.obj)
 *fill*         0x00000000001171cf        0x1 
 .text.lv_img_cache_set_size
                0x00000000001171d0      0x134 ../modules/lvgl/lib..__modules__lib__gui__lvgl.a(lv_img_cache.c.obj)
                0x00000000001171d0                lv_img_cache_set_size
 *fill*         0x0000000000117304        0xc 
 .text.lv_img_cache_invalidate_src
                0x0000000000117310       0xe9 ../modules/lvgl/lib..__modules__lib__gui__lvgl.a(lv_img_cache.c.obj)
                0x0000000000117310                lv_img_cache_invalidate_src
 *fill*         0x00000000001173f9        0x7 
 .text.lv_disp_drv_init
                0x0000000000117400       0x9b ../modules/lvgl/lib..__modules__lib__gui__lvgl.a(lv_hal_disp.c.obj)
                0x0000000000117400                lv_disp_drv_init
 *fill*         0x000000000011749b        0x5 
 .text.lv_disp_buf_init
                0x00000000001174a0       0x6e ../modules/lvgl/lib..__modules__lib__gui__lvgl.a(lv_hal_disp.c.obj)
                0x00000000001174a0                lv_disp_buf_init
 *fill*         0x000000000011750e        0x2 
 .text.lv_disp_drv_register
                0x0000000000117510      0x268 ../modules/lvgl/lib..__modules__lib__gui__lvgl.a(lv_hal_disp.c.obj)
                0x0000000000117510                lv_disp_drv_register
 *fill*         0x0000000000117778        0x8 
 .text.lv_disp_get_hor_res
                0x0000000000117780       0x6d ../modules/lvgl/lib..__modules__lib__gui__lvgl.a(lv_hal_disp.c.obj)
                0x0000000000117780                lv_disp_get_hor_res
 *fill*         0x00000000001177ed        0x3 
 .text.lv_disp_get_ver_res
                0x00000000001177f0       0x6d ../modules/lvgl/lib..__modules__lib__gui__lvgl.a(lv_hal_disp.c.obj)
                0x00000000001177f0                lv_disp_get_ver_res
 *fill*         0x000000000011785d        0x3 
 .text.lv_disp_get_default
                0x0000000000117860        0xa ../modules/lvgl/lib..__modules__lib__gui__lvgl.a(lv_hal_disp.c.obj)
                0x0000000000117860                lv_disp_get_default
 *fill*         0x000000000011786a        0x6 
 .text.lv_disp_get_antialiasing
                0x0000000000117870       0x19 ../modules/lvgl/lib..__modules__lib__gui__lvgl.a(lv_hal_disp.c.obj)
                0x0000000000117870                lv_disp_get_antialiasing
 *fill*         0x0000000000117889        0x7 
 .text.lv_disp_flush_ready
                0x0000000000117890       0x17 ../modules/lvgl/lib..__modules__lib__gui__lvgl.a(lv_hal_disp.c.obj)
                0x0000000000117890                lv_disp_flush_ready
 *fill*         0x00000000001178a7        0x9 
 .text.lv_disp_get_buf
                0x00000000001178b0       0x17 ../modules/lvgl/lib..__modules__lib__gui__lvgl.a(lv_hal_disp.c.obj)
                0x00000000001178b0                lv_disp_get_buf
 *fill*         0x00000000001178c7        0x9 
 .text.lv_disp_is_double_buf
                0x00000000001178d0       0x40 ../modules/lvgl/lib..__modules__lib__gui__lvgl.a(lv_hal_disp.c.obj)
                0x00000000001178d0                lv_disp_is_double_buf
 .text.lv_disp_is_true_double_buf
                0x0000000000117910       0x63 ../modules/lvgl/lib..__modules__lib__gui__lvgl.a(lv_hal_disp.c.obj)
                0x0000000000117910                lv_disp_is_true_double_buf
 *fill*         0x0000000000117973        0xd 
 .text.lv_indev_get_next
                0x0000000000117980       0x49 ../modules/lvgl/lib..__modules__lib__gui__lvgl.a(lv_hal_indev.c.obj)
                0x0000000000117980                lv_indev_get_next
 *fill*         0x00000000001179c9        0x7 
 .text.lv_tick_get
                0x00000000001179d0        0xa ../modules/lvgl/lib..__modules__lib__gui__lvgl.a(lv_hal_tick.c.obj)
                0x00000000001179d0                lv_tick_get
 *fill*         0x00000000001179da        0x6 
 .text.k_uptime_get_32
                0x00000000001179e0        0xa ../modules/lvgl/lib..__modules__lib__gui__lvgl.a(lv_hal_tick.c.obj)
 *fill*         0x00000000001179ea        0x6 
 .text.lv_tick_elaps
                0x00000000001179f0       0x4d ../modules/lvgl/lib..__modules__lib__gui__lvgl.a(lv_hal_tick.c.obj)
                0x00000000001179f0                lv_tick_elaps
 *fill*         0x0000000000117a3d        0x3 
 .text.k_uptime_get
                0x0000000000117a40        0xf ../modules/lvgl/lib..__modules__lib__gui__lvgl.a(lv_hal_tick.c.obj)
 *fill*         0x0000000000117a4f        0x1 
 .text.lv_circ_init
                0x0000000000117a50       0x39 ../modules/lvgl/lib..__modules__lib__gui__lvgl.a(lv_circ.c.obj)
                0x0000000000117a50                lv_circ_init
 *fill*         0x0000000000117a89        0x7 
 .text.lv_circ_cont
                0x0000000000117a90       0x47 ../modules/lvgl/lib..__modules__lib__gui__lvgl.a(lv_circ.c.obj)
                0x0000000000117a90                lv_circ_cont
 *fill*         0x0000000000117ad7        0x9 
 .text.lv_circ_next
                0x0000000000117ae0       0x75 ../modules/lvgl/lib..__modules__lib__gui__lvgl.a(lv_circ.c.obj)
                0x0000000000117ae0                lv_circ_next
 *fill*         0x0000000000117b55        0xb 
 .text.lv_area_set
                0x0000000000117b60       0x50 ../modules/lvgl/lib..__modules__lib__gui__lvgl.a(lv_area.c.obj)
                0x0000000000117b60                lv_area_set
 .text.lv_area_get_size
                0x0000000000117bb0       0x43 ../modules/lvgl/lib..__modules__lib__gui__lvgl.a(lv_area.c.obj)
                0x0000000000117bb0                lv_area_get_size
 *fill*         0x0000000000117bf3        0xd 
 .text.lv_area_intersect
                0x0000000000117c00      0x132 ../modules/lvgl/lib..__modules__lib__gui__lvgl.a(lv_area.c.obj)
                0x0000000000117c00                lv_area_intersect
 *fill*         0x0000000000117d32        0xe 
 .text.lv_area_join
                0x0000000000117d40       0xf7 ../modules/lvgl/lib..__modules__lib__gui__lvgl.a(lv_area.c.obj)
                0x0000000000117d40                lv_area_join
 *fill*         0x0000000000117e37        0x9 
 .text.lv_area_is_on
                0x0000000000117e40       0x7c ../modules/lvgl/lib..__modules__lib__gui__lvgl.a(lv_area.c.obj)
                0x0000000000117e40                lv_area_is_on
 *fill*         0x0000000000117ebc        0x4 
 .text.lv_area_is_in
                0x0000000000117ec0       0x77 ../modules/lvgl/lib..__modules__lib__gui__lvgl.a(lv_area.c.obj)
                0x0000000000117ec0                lv_area_is_in
 *fill*         0x0000000000117f37        0x9 
 .text.lv_task_core_init
                0x0000000000117f40       0x2d ../modules/lvgl/lib..__modules__lib__gui__lvgl.a(lv_task.c.obj)
                0x0000000000117f40                lv_task_core_init
 *fill*         0x0000000000117f6d        0x3 
 .text.lv_task_enable
                0x0000000000117f70       0x1b ../modules/lvgl/lib..__modules__lib__gui__lvgl.a(lv_task.c.obj)
                0x0000000000117f70                lv_task_enable
 *fill*         0x0000000000117f8b        0x5 
 .text.lv_task_handler
                0x0000000000117f90      0x27a ../modules/lvgl/lib..__modules__lib__gui__lvgl.a(lv_task.c.obj)
                0x0000000000117f90                lv_task_handler
 *fill*         0x000000000011820a        0x6 
 .text.lv_task_exec
                0x0000000000118210       0xaf ../modules/lvgl/lib..__modules__lib__gui__lvgl.a(lv_task.c.obj)
 *fill*         0x00000000001182bf        0x1 
 .text.lv_task_create_basic
                0x00000000001182c0      0x1fc ../modules/lvgl/lib..__modules__lib__gui__lvgl.a(lv_task.c.obj)
                0x00000000001182c0                lv_task_create_basic
 *fill*         0x00000000001184bc        0x4 
 .text.lv_task_create
                0x00000000001184c0       0xc3 ../modules/lvgl/lib..__modules__lib__gui__lvgl.a(lv_task.c.obj)
                0x00000000001184c0                lv_task_create
 *fill*         0x0000000000118583        0xd 
 .text.lv_task_set_cb
                0x0000000000118590       0x16 ../modules/lvgl/lib..__modules__lib__gui__lvgl.a(lv_task.c.obj)